Component: ARM Compiler 5.05 update 1 (build 106) Tool: armlink [4d0efa]

==============================================================================

Section Cross References

    main.o(.text) refers to gpio.o(.text) for GPIO_UNIVERSAL_SET
    main.o(.text) refers to misc.o(.text) for NVIC_PriorityGroupConfig
    main.o(.text) refers to delay.o(.text) for delay_init
    main.o(.text) refers to usart.o(.text) for uart_init
    main.o(.text) refers to ad9959.o(.text) for Init_AD9959
    main.o(.text) refers to task.o(.text) for Freq_Updata
    main.o(.text) refers to noretval__2printf.o(.text) for __2printf
    main.o(.text) refers to usart.o(.data) for USART_RX_STA
    main.o(.text) refers to usart.o(.bss) for USART_RX_BUF
    main.o(.text) refers to task.o(.data) for DB_OK
    main.o(.text) refers to task.o(.bss) for DB_S
    system_stm32f4xx.o(.text) refers to system_stm32f4xx.o(.data) for SystemCoreClock
    adc.o(.text) refers to stm32f4xx_rcc.o(.text) for RCC_AHB1PeriphClockCmd
    adc.o(.text) refers to stm32f4xx_gpio.o(.text) for GPIO_Init
    adc.o(.text) refers to stm32f4xx_adc.o(.text) for ADC_CommonInit
    adc.o(.text) refers to delay.o(.text) for delay_ms
    gpio.o(.text) refers to stm32f4xx_rcc.o(.text) for RCC_AHB1PeriphClockCmd
    gpio.o(.text) refers to stm32f4xx_gpio.o(.text) for GPIO_Init
    ads1115.o(.text) refers to stm32f4xx_gpio.o(.text) for GPIO_SetBits
    ads1115.o(.text) refers to delay.o(.text) for delay_us
    ads1115.o(.text) refers to stm32f4xx_rcc.o(.text) for RCC_AHB1PeriphClockCmd
    ads1115.o(.text) refers to dflt_clz.o(x$fpl$dflt) for __aeabi_i2d
    ads1115.o(.text) refers to ads1115.o(.data) for Config
    ads1115.o(.text) refers to ads1115.o(.bss) for Format
    ads1115.o(.text) refers to dmul.o(x$fpl$dmul) for __aeabi_dmul
    ads1115.o(.text) refers to ddiv.o(x$fpl$ddiv) for __aeabi_ddiv
    ads1115.o(.text) refers to d2f.o(x$fpl$d2f) for __aeabi_d2f
    ad9959.o(.text) refers to dflt_clz.o(x$fpl$dfltu) for __aeabi_ui2d
    ad9959.o(.text) refers to dmul.o(x$fpl$dmul) for __aeabi_dmul
    ad9959.o(.text) refers to dfixu.o(x$fpl$dfixu) for __aeabi_d2uiz
    ad9959.o(.text) refers to stm32f4xx_rcc.o(.text) for RCC_AHB1PeriphClockCmd
    ad9959.o(.text) refers to stm32f4xx_gpio.o(.text) for GPIO_Init
    ad9959.o(.text) refers to ad9959.o(.data) for CSR_DATA0
    delay.o(.text) refers to misc.o(.text) for SysTick_CLKSourceConfig
    delay.o(.text) refers to delay.o(.data) for fac_us
    usart.o(.rev16_text) refers (Special) to use_no_semi_2.o(.text) for __use_no_semihosting
    usart.o(.revsh_text) refers (Special) to use_no_semi_2.o(.text) for __use_no_semihosting
    usart.o(.text) refers (Special) to use_no_semi_2.o(.text) for __use_no_semihosting
    usart.o(.text) refers to stm32f4xx_rcc.o(.text) for RCC_AHB1PeriphClockCmd
    usart.o(.text) refers to stm32f4xx_gpio.o(.text) for GPIO_PinAFConfig
    usart.o(.text) refers to stm32f4xx_usart.o(.text) for USART_Init
    usart.o(.text) refers to misc.o(.text) for NVIC_Init
    usart.o(.text) refers to usart.o(.data) for USART_RX_STA
    usart.o(.text) refers to usart.o(.bss) for USART_RX_BUF
    usart.o(.bss) refers (Special) to use_no_semi_2.o(.text) for __use_no_semihosting
    usart.o(.data) refers (Special) to use_no_semi_2.o(.text) for __use_no_semihosting
    task.o(.text) refers to _printf_percent.o(.ARM.Collect$$_printf_percent$$00000000) for _printf_percent
    task.o(.text) refers to _printf_f.o(.ARM.Collect$$_printf_percent$$00000003) for _printf_f
    task.o(.text) refers to printf1.o(x$fpl$printf1) for _printf_fp_dec
    task.o(.text) refers to _printf_d.o(.ARM.Collect$$_printf_percent$$00000009) for _printf_d
    task.o(.text) refers to _printf_dec.o(.text) for _printf_int_dec
    task.o(.text) refers to dflt_clz.o(x$fpl$dfltu) for __aeabi_ui2d
    task.o(.text) refers to dmul.o(x$fpl$dmul) for __aeabi_dmul
    task.o(.text) refers to dfixu.o(x$fpl$dfixu) for __aeabi_d2uiz
    task.o(.text) refers to ad9959.o(.text) for WriteData_AD9959
    task.o(.text) refers to ads1115.o(.text) for ads_filter
    task.o(.text) refers to f2d.o(x$fpl$f2d) for __aeabi_f2d
    task.o(.text) refers to daddsub_clz.o(x$fpl$dsub) for __aeabi_dsub
    task.o(.text) refers to noretval__2printf.o(.text) for __2printf
    task.o(.text) refers to ddiv.o(x$fpl$ddiv) for __aeabi_ddiv
    task.o(.text) refers to atan.o(i.__hardfp_atan) for __hardfp_atan
    task.o(.text) refers to delay.o(.text) for delay_us
    task.o(.text) refers to sin.o(i.__hardfp_sin) for __hardfp_sin
    task.o(.text) refers to fabs.o(i.__hardfp_fabs) for __hardfp_fabs
    task.o(.text) refers to log10.o(i.__hardfp_log10) for __hardfp_log10
    task.o(.text) refers to drleqf.o(x$fpl$drleqf) for __aeabi_cdrcmple
    task.o(.text) refers to dleqf.o(x$fpl$dleqf) for __aeabi_cdcmple
    task.o(.text) refers to daddsub_clz.o(x$fpl$drsb) for __aeabi_drsub
[...]
    .ARM.Collect$$libinit$$0000001B          0x08000222   Section        0  libinit2.o(.ARM.Collect$$libinit$$0000001B)
    .ARM.Collect$$libinit$$0000001D          0x08000222   Section        0  libinit2.o(.ARM.Collect$$libinit$$0000001D)
    .ARM.Collect$$libinit$$0000001F          0x08000222   Section        0  libinit2.o(.ARM.Collect$$libinit$$0000001F)
    .ARM.Collect$$libinit$$00000021          0x08000222   Section        0  libinit2.o(.ARM.Collect$$libinit$$00000021)
    .ARM.Collect$$libinit$$00000023          0x08000222   Section        0  libinit2.o(.ARM.Collect$$libinit$$00000023)
    .ARM.Collect$$libinit$$00000025          0x08000222   Section        0  libinit2.o(.ARM.Collect$$libinit$$00000025)
    .ARM.Collect$$libinit$$0000002C          0x08000222   Section        0  libinit2.o(.ARM.Collect$$libinit$$0000002C)
    .ARM.Collect$$libinit$$0000002E          0x08000222   Section        0  libinit2.o(.ARM.Collect$$libinit$$0000002E)
    .ARM.Collect$$libinit$$00000030          0x08000222   Section        0  libinit2.o(.ARM.Collect$$libinit$$00000030)
    .ARM.Collect$$libinit$$00000032          0x08000222   Section        0  libinit2.o(.ARM.Collect$$libinit$$00000032)
    .ARM.Collect$$libinit$$00000033          0x08000222   Section        2  libinit2.o(.ARM.Collect$$libinit$$00000033)
    .ARM.Collect$$libshutdown$$00000000      0x08000224   Section        2  libshutdown.o(.ARM.Collect$$libshutdown$$00000000)
    .ARM.Collect$$libshutdown$$00000003      0x08000226   Section        0  libshutdown2.o(.ARM.Collect$$libshutdown$$00000003)
    .ARM.Collect$$libshutdown$$00000006      0x08000226   Section        0  libshutdown2.o(.ARM.Collect$$libshutdown$$00000006)
    .ARM.Collect$$libshutdown$$00000009      0x08000226   Section        0  libshutdown2.o(.ARM.Collect$$libshutdown$$00000009)
    .ARM.Collect$$libshutdown$$0000000B      0x08000226   Section        0  libshutdown2.o(.ARM.Collect$$libshutdown$$0000000B)
    .ARM.Collect$$libshutdown$$0000000E      0x08000226   Section        0  libshutdown2.o(.ARM.Collect$$libshutdown$$0000000E)
    .ARM.Collect$$libshutdown$$0000000F      0x08000226   Section        2  libshutdown2.o(.ARM.Collect$$libshutdown$$0000000F)
    .ARM.Collect$$rtentry$$00000000          0x08000228   Section        0  __rtentry.o(.ARM.Collect$$rtentry$$00000000)
    .ARM.Collect$$rtentry$$00000002          0x08000228   Section        0  __rtentry2.o(.ARM.Collect$$rtentry$$00000002)
    .ARM.Collect$$rtentry$$00000004          0x08000228   Section        6  __rtentry4.o(.ARM.Collect$$rtentry$$00000004)
    .ARM.Collect$$rtentry$$00000009          0x0800022e   Section        0  __rtentry2.o(.ARM.Collect$$rtentry$$00000009)
    .ARM.Collect$$rtentry$$0000000A          0x0800022e   Section        4  __rtentry2.o(.ARM.Collect$$rtentry$$0000000A)
    .ARM.Collect$$rtentry$$0000000C          0x08000232   Section        0  __rtentry2.o(.ARM.Collect$$rtentry$$0000000C)
    .ARM.Collect$$rtentry$$0000000D          0x08000232   Section        8  __rtentry2.o(.ARM.Collect$$rtentry$$0000000D)
    .ARM.Collect$$rtexit$$00000000           0x0800023a   Section        2  rtexit.o(.ARM.Collect$$rtexit$$00000000)
    .ARM.Collect$$rtexit$$00000002           0x0800023c   Section        0  rtexit2.o(.ARM.Collect$$rtexit$$00000002)
    .ARM.Collect$$rtexit$$00000003           0x0800023c   Section        4  rtexit2.o(.ARM.Collect$$rtexit$$00000003)
    .ARM.Collect$$rtexit$$00000004           0x08000240   Section        6  rtexit2.o(.ARM.Collect$$rtexit$$00000004)
    .text                                    0x08000248   Section        0  main.o(.text)
    .text                                    0x0800032c   Section        0  stm32f4xx_it.o(.text)
    .text                                    0x08000348   Section        0  system_stm32f4xx.o(.text)
    SetSysClock                              0x08000349   Thumb Code   220  system_stm32f4xx.o(.text)
    .text                                    0x08000558   Section        0  gpio.o(.text)
    .text                                    0x08000590   Section        0  ads1115.o(.text)
    .text                                    0x08000ad8   Section        0  ad9959.o(.text)
    .text                                    0x08000f60   Section        0  delay.o(.text)
    .text                                    0x08001064   Section        0  usart.o(.text)
    .text                                    0x08001188   Section        0  task.o(.text)
    .text                                    0x080017b8   Section       64  startup_stm32f40_41xxx.o(.text)
    $v0                                      0x080017b8   Number         0  startup_stm32f40_41xxx.o(.text)
    .text                                    0x080017f8   Section        0  misc.o(.text)
    .text                                    0x080018d8   Section        0  stm32f4xx_gpio.o(.text)
    .text                                    0x08001b6c   Section        0  stm32f4xx_usart.o(.text)
    .text                                    0x08001fc0   Section        0  stm32f4xx_rcc.o(.text)
    .text                                    0x0800261c   Section        2  use_no_semi_2.o(.text)
    .text                                    0x08002620   Section        0  noretval__2printf.o(.text)
    .text                                    0x08002638   Section        0  _printf_dec.o(.text)
    .text                                    0x080026b0   Section        0  __printf_ss_wp.o(.text)
    .text                                    0x08002810   Section        0  heapauxi.o(.text)
    .text                                    0x08002816   Section        2  use_no_semi.o(.text)
    .text                                    0x08002818   Section        0  _rserrno.o(.text)
    .text                                    0x0800282e   Section        0  _printf_intcommon.o(.text)
    .text                                    0x080028e0   Section        0  _printf_fp_dec.o(.text)
    _fp_digits                               0x080028e3   Thumb Code   428  _printf_fp_dec.o(.text)
    .text                                    0x08002cfc   Section        0  _printf_char_file.o(.text)
    .text                                    0x08002d20   Section        8  rt_locale_intlibspace.o(.text)
    .text                                    0x08002d28   Section        8  rt_errno_addr_intlibspace.o(.text)
    .text                                    0x08002d30   Section      138  lludiv10.o(.text)
    .text                                    0x08002dbc   Section        0  _printf_char_common.o(.text)
    _printf_input_char                       0x08002dbd   Thumb Code    10  _printf_char_common.o(.text)
    .text                                    0x08002dec   Section        0  _printf_fp_infnan.o(.text)
    .text                                    0x08002e6c   Section        0  bigflt0.o(.text)
    .text                                    0x08002f48   Section        0  ferror.o(.text)
    .text                                    0x08002f50   Section        8  libspace.o(.text)
    .text                                    0x08002f58   Section       74  sys_stackheap_outer.o(.text)
    .text                                    0x08002fa2   Section        0  exit.o(.text)
    .text                                    0x08002fb0   Section      128  strcmpv7m.o(.text)
    CL$$btod_d2e                             0x08003030   Section       62  btod.o(CL$$btod_d2e)
    CL$$btod_d2e_denorm_low                  0x0800306e   Section       70  btod.o(CL$$btod_d2e_denorm_low)
    CL$$btod_d2e_norm_op1                    0x080030b4   Section       96  btod.o(CL$$btod_d2e_norm_op1)
    CL$$btod_div_common                      0x08003114   Section      824  btod.o(CL$$btod_div_common)
    CL$$btod_e2e                             0x0800344c   Section      198  btod.o(CL$$btod_e2e)
    CL$$btod_ediv                            0x08003512   Section       40  btod.o(CL$$btod_ediv)
    CL$$btod_emul                            0x0800353a   Section       40  btod.o(CL$$btod_emul)
    CL$$btod_mult_common                     0x08003562   Section      580  btod.o(CL$$btod_mult_common)
    i.__ARM_fpclassify                       0x080037a6   Section        0  fpclassify.o(i.__ARM_fpclassify)
    i.__hardfp_atan                          0x080037d8   Section        0  atan.o(i.__hardfp_atan)
    i.__hardfp_exp                           0x08003ab0   Section        0  exp.o(i.__hardfp_exp)
    i.__hardfp_fabs                          0x08003e08   Section        0  fabs.o(i.__hardfp_fabs)
    i.__hardfp_log                           0x08003e20   Section        0  log.o(i.__hardfp_log)
    i.__hardfp_log10                         0x080041e8   Section        0  log10.o(i.__hardfp_log10)
    i.__hardfp_sin                           0x08004318   Section        0  sin.o(i.__hardfp_sin)
    i.__ieee754_rem_pio2                     0x080043e0   Section        0  rred.o(i.__ieee754_rem_pio2)
    i.__kernel_cos                           0x08004818   Section        0  cos_i.o(i.__kernel_cos)
    i.__kernel_poly                          0x08004988   Section        0  poly.o(i.__kernel_poly)
    i.__kernel_sin                           0x08004a80   Section        0  sin_i.o(i.__kernel_sin)
    i.__mathlib_dbl_divzero                  0x08004bb0   Section        0  dunder.o(i.__mathlib_dbl_divzero)
    i.__mathlib_dbl_infnan                   0x08004be0   Section        0  dunder.o(i.__mathlib_dbl_infnan)
    i.__mathlib_dbl_invalid                  0x08004bf8   Section        0  dunder.o(i.__mathlib_dbl_invalid)
    i.__mathlib_dbl_overflow                 0x08004c18   Section        0  dunder.o(i.__mathlib_dbl_overflow)
    i.__mathlib_dbl_underflow                0x08004c38   Section        0  dunder.o(i.__mathlib_dbl_underflow)
    i._is_digit                              0x08004c58   Section        0  __printf_wp.o(i._is_digit)
    i.fabs                                   0x08004c66   Section        0  fabs.o(i.fabs)
    i.log                                    0x08004c7e   Section        0  log.o(i.log)
    locale$$code                             0x08004c90   Section       44  lc_numeric_c.o(locale$$code)
    x$fpl$basic                              0x08004cbc   Section       24  basic.o(x$fpl$basic)
    $v0                                      0x08004cbc   Number         0  basic.o(x$fpl$basic)
    x$fpl$d2f                                0x08004cd4   Section       98  d2f.o(x$fpl$d2f)
    $v0                                      0x08004cd4   Number         0  d2f.o(x$fpl$d2f)
    x$fpl$dadd                               0x08004d38   Section      336  daddsub_clz.o(x$fpl$dadd)
    $v0                                      0x08004d38   Number         0  daddsub_clz.o(x$fpl$dadd)
    _dadd1                                   0x08004d49   Thumb Code     0  daddsub_clz.o(x$fpl$dadd)
    x$fpl$dcmpinf                            0x08004e88   Section       24  dcmpi.o(x$fpl$dcmpinf)
    $v0                                      0x08004e88   Number         0  dcmpi.o(x$fpl$dcmpinf)
    x$fpl$ddiv                               0x08004ea0   Section      688  ddiv.o(x$fpl$ddiv)
    $v0                                      0x08004ea0   Number         0  ddiv.o(x$fpl$ddiv)
    ddiv_entry                               0x08004ea7   Thumb Code     0  ddiv.o(x$fpl$ddiv)
    x$fpl$deqf                               0x08005150   Section      120  deqf.o(x$fpl$deqf)
    $v0                                      0x08005150   Number         0  deqf.o(x$fpl$deqf)
    x$fpl$dfix                               0x080051c8   Section       94  dfix.o(x$fpl$dfix)
    $v0                                      0x080051c8   Number         0  dfix.o(x$fpl$dfix)
    x$fpl$dfixu                              0x08005228   Section       90  dfixu.o(x$fpl$dfixu)
    $v0                                      0x08005228   Number         0  dfixu.o(x$fpl$dfixu)
    x$fpl$dflt                               0x08005282   Section       46  dflt_clz.o(x$fpl$dflt)
    $v0                                      0x08005282   Number         0  dflt_clz.o(x$fpl$dflt)
    x$fpl$dfltu                              0x080052b0   Section       38  dflt_clz.o(x$fpl$dfltu)
    $v0                                      0x080052b0   Number         0  dflt_clz.o(x$fpl$dfltu)
    x$fpl$dleqf                              0x080052d8   Section      120  dleqf.o(x$fpl$dleqf)
    $v0                                      0x080052d8   Number         0  dleqf.o(x$fpl$dleqf)
    x$fpl$dmul                               0x08005350   Section      340  dmul.o(x$fpl$dmul)
    $v0                                      0x08005350   Number         0  dmul.o(x$fpl$dmul)
    x$fpl$dnaninf                            0x080054a4   Section      156  dnaninf.o(x$fpl$dnaninf)
    $v0                                      0x080054a4   Number         0  dnaninf.o(x$fpl$dnaninf)
    x$fpl$dretinf                            0x08005540   Section       12  dretinf.o(x$fpl$dretinf)
    $v0                                      0x08005540   Number         0  dretinf.o(x$fpl$dretinf)
    x$fpl$drleqf                             0x0800554c   Section      108  drleqf.o(x$fpl$drleqf)
    $v0                                      0x0800554c   Number         0  drleqf.o(x$fpl$drleqf)
    x$fpl$drsb                               0x080055b8   Section       22  daddsub_clz.o(x$fpl$drsb)
    $v0                                      0x080055b8   Number         0  daddsub_clz.o(x$fpl$drsb)
    x$fpl$dsub                               0x080055d0   Section      468  daddsub_clz.o(x$fpl$dsub)
    $v0                                      0x080055d0   Number         0  daddsub_clz.o(x$fpl$dsub)
    _dsub1                                   0x080055e1   Thumb Code     0  daddsub_clz.o(x$fpl$dsub)
    x$fpl$f2d                                0x080057a4   Section       86  f2d.o(x$fpl$f2d)
    $v0                                      0x080057a4   Number         0  f2d.o(x$fpl$f2d)
    x$fpl$fnaninf                            0x080057fa   Section      140  fnaninf.o(x$fpl$fnaninf)
    $v0                                      0x080057fa   Number         0  fnaninf.o(x$fpl$fnaninf)
    x$fpl$fpinit                             0x08005886   Section       10  fpinit.o(x$fpl$fpinit)
    $v0                                      0x08005886   Number         0  fpinit.o(x$fpl$fpinit)
    x$fpl$fretinf                            0x08005890   Section       10  fretinf.o(x$fpl$fretinf)
    $v0                                      0x08005890   Number         0  fretinf.o(x$fpl$fretinf)
    x$fpl$printf1                            0x0800589a   Section        4  printf1.o(x$fpl$printf1)
    $v0                                      0x0800589a   Number         0  printf1.o(x$fpl$printf1)
    x$fpl$usenofp                            0x0800589e   Section        0  usenofp.o(x$fpl$usenofp)
    .constdata                               0x080058a0   Section      152  atan.o(.constdata)
    atanhi                                   0x080058a0   Data          32  atan.o(.constdata)
    atanlo                                   0x080058c0   Data          32  atan.o(.constdata)
    aTodd                                    0x080058e0   Data          40  atan.o(.constdata)
    aTeven                                   0x08005908   Data          48  atan.o(.constdata)
    .constdata                               0x08005938   Section       88  exp.o(.constdata)
    halF                                     0x08005938   Data          16  exp.o(.constdata)
    ln2HI                                    0x08005948   Data          16  exp.o(.constdata)
    ln2LO                                    0x08005958   Data          16  exp.o(.constdata)
    P                                        0x08005968   Data          40  exp.o(.constdata)
    .constdata                               0x08005990   Section       48  cos_i.o(.constdata)
    C                                        0x08005990   Data          48  cos_i.o(.constdata)
    .constdata                               0x080059c0   Section       56  log.o(.constdata)
    Lg2                                      0x080059c0   Data          24  log.o(.constdata)
    Lg                                       0x080059d8   Data          32  log.o(.constdata)
    .constdata                               0x080059f8   Section        8  qnan.o(.constdata)
    .constdata                               0x08005a00   Section      200  rred.o(.constdata)
    pio2s                                    0x08005a00   Data          48  rred.o(.constdata)
    twooverpi                                0x08005a30   Data         152  rred.o(.constdata)
    .constdata                               0x08005ac8   Section       40  sin_i.o(.constdata)
    S                                        0x08005ac8   Data          40  sin_i.o(.constdata)
    .constdata                               0x08005af0   Section      148  bigflt0.o(.constdata)
    tenpwrs_x                                0x08005af0   Data          60  bigflt0.o(.constdata)
    tenpwrs_i                                0x08005b2c   Data          64  bigflt0.o(.constdata)
    locale$$data                             0x08005ba4   Section       28  lc_numeric_c.o(locale$$data)
    __lcnum_c_name                           0x08005ba8   Data           2  lc_numeric_c.o(locale$$data)
    __lcnum_c_start                          0x08005bb0   Data           0  lc_numeric_c.o(locale$$data)
    __lcnum_c_point                          0x08005bbc   Data           0  lc_numeric_c.o(locale$$data)
    __lcnum_c_thousands                      0x08005bbe   Data           0  lc_numeric_c.o(locale$$data)
    __lcnum_c_grouping                       0x08005bbf   Data           0  lc_numeric_c.o(locale$$data)
    __lcnum_c_end                            0x08005bc0   Data           0  lc_numeric_c.o(locale$$data)
    .data                                    0x20000000   Section       20  system_stm32f4xx.o(.data)
    .data                                    0x20000014   Section       29  ads1115.o(.data)
    .data                                    0x20000034   Section       72  ad9959.o(.data)
    .data                                    0x2000007c   Section        4  delay.o(.data)
    fac_us                                   0x2000007c   Data           1  delay.o(.data)
    fac_ms                                   0x2000007e   Data           2  delay.o(.data)
    .data                                    0x20000080   Section        6  usart.o(.data)
    .data                                    0x20000086   Section        6  task.o(.data)
    x_last                                   0x20000088   Data           2  task.o(.data)
    y_last                                   0x2000008a   Data           2  task.o(.data)
    .data                                    0x2000008c   Section       16  stm32f4xx_rcc.o(.data)
    APBAHBPrescTable                         0x2000008c   Data          16  stm32f4xx_rcc.o(.data)
    .bss                                     0x2000009c   Section       20  ads1115.o(.bss)
    .bss                                     0x200000b0   Section      200  usart.o(.bss)
    .bss                                     0x20000178   Section     7200  task.o(.bss)
    .bss                                     0x20001d98   Section       96  libspace.o(.bss)
    HEAP                                     0x20001df8   Section      512  startup_stm32f40_41xxx.o(HEAP)
    Heap_Mem                                 0x20001df8   Data         512  startup_stm32f40_41xxx.o(HEAP)
    STACK                                    0x20001ff8   Section     1024  startup_stm32f40_41xxx.o(STACK)
    Stack_Mem                                0x20001ff8   Data        1024  startup_stm32f40_41xxx.o(STACK)
    __initial_sp                             0x200023f8   Data           0  startup_stm32f40_41xxx.o(STACK)

    Global Symbols

    Symbol Name                              Value     Ov Type        Size  Object(Section)

    BuildAttributes$$THM_ISAv4$E$P$D$K$B$S$7EM$VFPi3$EXTD16$VFPS$VFMA$PE$A:L22UL41UL21$X:L11$S22US41US21$IEEE1$IW$USESV6$~STKCKD$USESV7$~SHL$OTIME$ROPI$IEEEX$EBA8$UX$STANDARDLIB$REQ8$PRES8$EABIv2 0x00000000   Number         0  anon$$obj.o ABSOLUTE
    __ARM_use_no_argv                        0x00000000   Number         0  main.o ABSOLUTE
    _printf_flags                            0x00000000   Number         0  printf_stubs.o ABSOLUTE
    _printf_return_value                     0x00000000   Number         0  printf_stubs.o ABSOLUTE
    _printf_sizespec                         0x00000000   Number         0  printf_stubs.o ABSOLUTE
    _printf_widthprec                        0x00000000   Number         0  printf_stubs.o ABSOLUTE
    __ARM_exceptions_init                     - Undefined Weak Reference
    __alloca_initialize                       - Undefined Weak Reference
    __arm_preinit_                            - Undefined Weak Reference
    __cpp_initialize__aeabi_                  - Undefined Weak Reference
    __cxa_finalize                            - Undefined Weak Reference
    __sigvec_lookup                           - Undefined Weak Reference
    _atexit_init                              - Undefined Weak Reference
    _call_atexit_fns                          - Undefined Weak Reference
    _clock_init                               - Undefined Weak Reference
    _fp_trap_init                             - Undefined Weak Reference
    _fp_trap_shutdown                         - Undefined Weak Reference
    _get_lc_collate                           - Undefined Weak Reference
    _get_lc_ctype                             - Undefined Weak Reference
    _get_lc_monetary                          - Undefined Weak Reference
    _get_lc_time                              - Undefined Weak Reference
    _getenv_init                              - Undefined Weak Reference
    _handle_redirection                       - Undefined Weak Reference
    _init_alloc                               - Undefined Weak Reference
    _init_user_alloc                          - Undefined Weak Reference
    _initio                                   - Undefined Weak Reference
    _mutex_acquire                            - Undefined Weak Reference
    _mutex_release                            - Undefined Weak Reference
    _printf_post_padding                      - Undefined Weak Reference
    _printf_pre_padding                       - Undefined Weak Reference
    _printf_truncate_signed                   - Undefined Weak Reference
    _printf_truncate_unsigned                 - Undefined Weak Reference
    _rand_init                                - Undefined Weak Reference
    _signal_finish                            - Undefined Weak Reference
    _signal_init                              - Undefined Weak Reference
    _terminate_alloc                          - Undefined Weak Reference
    _terminate_user_alloc                     - Undefined Weak Reference
    _terminateio                              - Undefined Weak Reference
    __Vectors_Size                           0x00000188   Number         0  startup_stm32f40_41xxx.o ABSOLUTE
    __Vectors                                0x08000000   Data           4  startup_stm32f40_41xxx.o(RESET)
    __Vectors_End                            0x08000188   Data           0  startup_stm32f40_41xxx.o(RESET)
    __main                                   0x08000189   Thumb Code     8  __main.o(!!!main)
    __scatterload                            0x08000191   Thumb Code     0  __scatter.o(!!!scatter)
    __scatterload_rt2                        0x08000191   Thumb Code    44  __scatter.o(!!!scatter)
    __scatterload_rt2_thumb_only             0x08000191   Thumb Code     0  __scatter.o(!!!scatter)
    __scatterload_null                       0x0800019f   Thumb Code     0  __scatter.o(!!!scatter)
    __scatterload_copy                       0x080001c5   Thumb Code    26  __scatter_copy.o(!!handler_copy)
    __scatterload_zeroinit                   0x080001e1   Thumb Code    28  __scatter_zi.o(!!handler_zi)
    _printf_f                                0x080001fd   Thumb Code     0  _printf_f.o(.ARM.Collect$$_printf_percent$$00000003)
    _printf_percent                          0x080001fd   Thumb Code     0  _printf_percent.o(.ARM.Collect$$_printf_percent$$00000000)
    _printf_d                                0x08000203   Thumb Code     0  _printf_d.o(.ARM.Collect$$_printf_percent$$00000009)
    _printf_percent_end                      0x08000209   Thumb Code     0  _printf_percent_end.o(.ARM.Collect$$_printf_percent$$00000017)
    __rt_lib_init                            0x0800020d   Thumb Code     0  libinit.o(.ARM.Collect$$libinit$$00000000)
    __rt_lib_init_fp_1                       0x0800020f   Thumb Code     0  libinit2.o(.ARM.Collect$$libinit$$00000001)
    __rt_lib_init_heap_1                     0x08000213   Thumb Code     0  libinit2.o(.ARM.Collect$$libinit$$0000000A)
    __rt_lib_init_lc_common                  0x08000213   Thumb Code     0  libinit2.o(.ARM.Collect$$libinit$$0000000F)
    __rt_lib_init_preinit_1                  0x08000213   Thumb Code     0  libinit2.o(.ARM.Collect$$libinit$$00000004)
    __rt_lib_init_rand_1                     0x08000213   Thumb Code     0  libinit2.o(.ARM.Collect$$libinit$$0000000E)
    __rt_lib_init_user_alloc_1               0x08000213   Thumb Code     0  libinit2.o(.ARM.Collect$$libinit$$0000000C)
    __rt_lib_init_lc_collate_1               0x08000219   Thumb Code     0  libinit2.o(.ARM.Collect$$libinit$$00000011)
    __rt_lib_init_lc_ctype_1                 0x08000219   Thumb Code     0  libinit2.o(.ARM.Collect$$libinit$$00000013)
    __rt_lib_init_lc_monetary_1              0x08000219   Thumb Code     0  libinit2.o(.ARM.Collect$$libinit$$00000015)
    __rt_lib_init_lc_numeric_2               0x08000219   Thumb Code     0  libinit2.o(.ARM.Collect$$libinit$$00000016)
    __rt_lib_init_alloca_1                   0x08000223   Thumb Code     0  libinit2.o(.ARM.Collect$$libinit$$0000002E)
    __rt_lib_init_argv_1                     0x08000223   Thumb Code     0  libinit2.o(.ARM.Collect$$libinit$$0000002C)
    __rt_lib_init_atexit_1                   0x08000223   Thumb Code     0  libinit2.o(.ARM.Collect$$libinit$$0000001B)
    __rt_lib_init_clock_1                    0x08000223   Thumb Code     0  libinit2.o(.ARM.Collect$$libinit$$00000021)
    __rt_lib_init_cpp_1                      0x08000223   Thumb Code     0  libinit2.o(.ARM.Collect$$libinit$$00000032)
    __rt_lib_init_exceptions_1               0x08000223   Thumb Code     0  libinit2.o(.ARM.Collect$$libinit$$00000030)
    __rt_lib_init_fp_trap_1                  0x08000223   Thumb Code     0  libinit2.o(.ARM.Collect$$libinit$$0000001F)
    __rt_lib_init_getenv_1                   0x08000223   Thumb Code     0  libinit2.o(.ARM.Collect$$libinit$$00000023)
    __rt_lib_init_lc_numeric_1               0x08000223   Thumb Code     0  libinit2.o(.ARM.Collect$$libinit$$00000017)
    __rt_lib_init_lc_time_1                  0x08000223   Thumb Code     0  libinit2.o(.ARM.Collect$$libinit$$00000019)
    __rt_lib_init_return                     0x08000223   Thumb Code     0  libinit2.o(.ARM.Collect$$libinit$$00000033)
    __rt_lib_init_signal_1                   0x08000223   Thumb Code     0  libinit2.o(.ARM.Collect$$libinit$$0000001D)
    __rt_lib_init_stdio_1                    0x08000223   Thumb Code     0  libinit2.o(.ARM.Collect$$libinit$$00000025)
    __rt_lib_shutdown                        0x08000225   Thumb Code     0  libshutdown.o(.ARM.Collect$$libshutdown$$00000000)
    __rt_lib_shutdown_fp_trap_1              0x08000227   Thumb Code     0  libshutdown2.o(.ARM.Collect$$libshutdown$$00000006)
    __rt_lib_shutdown_heap_1                 0x08000227   Thumb Code     0  libshutdown2.o(.ARM.Collect$$libshutdown$$0000000E)
    __rt_lib_shutdown_return                 0x08000227   Thumb Code     0  libshutdown2.o(.ARM.Collect$$libshutdown$$0000000F)
    __rt_lib_shutdown_signal_1               0x08000227   Thumb Code     0  libshutdown2.o(.ARM.Collect$$libshutdown$$00000009)
    __rt_lib_shutdown_stdio_1                0x08000227   Thumb Code     0  libshutdown2.o(.ARM.Collect$$libshutdown$$00000003)
    __rt_lib_shutdown_user_alloc_1           0x08000227   Thumb Code     0  libshutdown2.o(.ARM.Collect$$libshutdown$$0000000B)
    __rt_entry                               0x08000229   Thumb Code     0  __rtentry.o(.ARM.Collect$$rtentry$$00000000)
    __rt_entry_presh_1                       0x08000229   Thumb Code     0  __rtentry2.o(.ARM.Collect$$rtentry$$00000002)
    __rt_entry_sh                            0x08000229   Thumb Code     0  __rtentry4.o(.ARM.Collect$$rtentry$$00000004)
    __rt_entry_li                            0x0800022f   Thumb Code     0  __rtentry2.o(.ARM.Collect$$rtentry$$0000000A)
    __rt_entry_postsh_1                      0x0800022f   Thumb Code     0  __rtentry2.o(.ARM.Collect$$rtentry$$00000009)
    __rt_entry_main                          0x08000233   Thumb Code     0  __rtentry2.o(.ARM.Collect$$rtentry$$0000000D)
    __rt_entry_postli_1                      0x08000233   Thumb Code     0  __rtentry2.o(.ARM.Collect$$rtentry$$0000000C)
    __rt_exit                                0x0800023b   Thumb Code     0  rtexit.o(.ARM.Collect$$rtexit$$00000000)
    __rt_exit_ls                             0x0800023d   Thumb Code     0  rtexit2.o(.ARM.Collect$$rtexit$$00000003)
    __rt_exit_prels_1                        0x0800023d   Thumb Code     0  rtexit2.o(.ARM.Collect$$rtexit$$00000002)
    __rt_exit_exit                           0x08000241   Thumb Code     0  rtexit2.o(.ARM.Collect$$rtexit$$00000004)
    main                                     0x08000249   Thumb Code   172  main.o(.text)
    NMI_Handler                              0x0800032d   Thumb Code     2  stm32f4xx_it.o(.text)
    HardFault_Handler                        0x0800032f   Thumb Code     4  stm32f4xx_it.o(.text)
    MemManage_Handler                        0x08000333   Thumb Code     4  stm32f4xx_it.o(.text)
    BusFault_Handler                         0x08000337   Thumb Code     4  stm32f4xx_it.o(.text)
    UsageFault_Handler                       0x0800033b   Thumb Code     4  stm32f4xx_it.o(.text)
    SVC_Handler                              0x0800033f   Thumb Code     2  stm32f4xx_it.o(.text)
    DebugMon_Handler                         0x08000341   Thumb Code     2  stm32f4xx_it.o(.text)
    PendSV_Handler                           0x08000343   Thumb Code     2  stm32f4xx_it.o(.text)
    SysTick_Handler                          0x08000345   Thumb Code     2  stm32f4xx_it.o(.text)
    SystemInit                               0x08000425   Thumb Code    88  system_stm32f4xx.o(.text)
    SystemCoreClockUpdate                    0x0800047d   Thumb Code   174  system_stm32f4xx.o(.text)
    GPIO_UNIVERSAL_SET                       0x08000559   Thumb Code    50  gpio.o(.text)
    Start                                    0x08000591   Thumb Code    62  ads1115.o(.text)
    Stop                                     0x080005cf   Thumb Code    52  ads1115.o(.text)
    ACK                                      0x08000603   Thumb Code    80  ads1115.o(.text)
    NACK                                     0x08000653   Thumb Code    80  ads1115.o(.text)
    Check                                    0x080006a3   Thumb Code   106  ads1115.o(.text)
    Write_1_Byte                             0x0800070d   Thumb Code   108  ads1115.o(.text)
    Write_N_Byte                             0x08000779   Thumb Code    48  ads1115.o(.text)
    Read_1_Byte                              0x080007a9   Thumb Code   100  ads1115.o(.text)
    Read_N_Byte                              0x0800080d   Thumb Code    48  ads1115.o(.text)
    InitADS1115                              0x0800083d   Thumb Code   134  ads1115.o(.text)
    WriteWord                                0x080008c3   Thumb Code    24  ads1115.o(.text)
    ReadWord                                 0x080008db   Thumb Code    54  ads1115.o(.text)
    ShowInt                                  0x08000911   Thumb Code    50  ads1115.o(.text)
    ADS1115                                  0x08000943   Thumb Code   164  ads1115.o(.text)
    ads_filter                               0x080009e7   Thumb Code   226  ads1115.o(.text)
    delay_9959                               0x08000ad9   Thumb Code    18  ad9959.o(.text)
    IO_Updata                                0x08000aeb   Thumb Code    36  ad9959.o(.text)
    WriteData_AD9959                         0x08000b0f   Thumb Code   228  ad9959.o(.text)
    Write_Amplitude                          0x08000bf3   Thumb Code   144  ad9959.o(.text)
    Write_Phase                              0x08000c83   Thumb Code   168  ad9959.o(.text)
    Write_frequence                          0x08000d2b   Thumb Code   196  ad9959.o(.text)
    InitReset                                0x08000def   Thumb Code    40  ad9959.o(.text)
    InitIO_9959                              0x08000e17   Thumb Code    68  ad9959.o(.text)
    Init_AD9959                              0x08000e5b   Thumb Code   252  ad9959.o(.text)
    delay_init                               0x08000f61   Thumb Code    52  delay.o(.text)
    delay_us                                 0x08000f95   Thumb Code    72  delay.o(.text)
    delay_xms                                0x08000fdd   Thumb Code    72  delay.o(.text)
    delay_ms                                 0x08001025   Thumb Code    56  delay.o(.text)
    _sys_exit                                0x08001065   Thumb Code     4  usart.o(.text)
    fputc                                    0x08001069   Thumb Code    22  usart.o(.text)
    uart_init                                0x0800107f   Thumb Code   164  usart.o(.text)
    USART1_IRQHandler                        0x08001123   Thumb Code    86  usart.o(.text)
    string_2_val                             0x08001189   Thumb Code    34  task.o(.text)
    Freq_Updata                              0x080011ab   Thumb Code   108  task.o(.text)
    ADS_valget                               0x08001217   Thumb Code    56  task.o(.text)
    get_endval                               0x0800124f   Thumb Code   356  task.o(.text)
    draw_one_point                           0x080013b3   Thumb Code    70  task.o(.text)
    dB_2_xyCoordinate                        0x080013f9   Thumb Code   136  task.o(.text)
    draw_graph                               0x08001481   Thumb Code    52  task.o(.text)
    translate_2_freq                         0x080014b5   Thumb Code    84  task.o(.text)
    S_Ovalget                                0x08001509   Thumb Code   120  task.o(.text)
    S_DBvalget                               0x08001581   Thumb Code   376  task.o(.text)
    S_DB_valget                              0x080016f9   Thumb Code    96  task.o(.text)
    S_O_valget                               0x08001759   Thumb Code    74  task.o(.text)
    Reset_Handler                            0x080017b9   Thumb Code     8  startup_stm32f40_41xxx.o(.text)
    ADC_IRQHandler                           0x080017d3   Thumb Code     0  startup_stm32f40_41xxx.o(.text)
    CAN1_RX0_IRQHandler                      0x080017d3   Thumb Code     0  startup_stm32f40_41xxx.o(.text)
    CAN1_RX1_IRQHandler                      0x080017d3   Thumb Code     0  startup_stm32f40_41xxx.o(.text)
    CAN1_SCE_IRQHandler                      0x080017d3   Thumb Code     0  startup_stm32f40_41xxx.o(.text)
    CAN1_TX_IRQHandler                       0x080017d3   Thumb Code     0  startup_stm32f40_41xxx.o(.text)
    CAN2_RX0_IRQHandler                      0x080017d3   Thumb Code     0  startup_stm32f40_41xxx.o(.text)
    CAN2_RX1_IRQHandler                      0x080017d3   Thumb Code     0  startup_stm32f40_41xxx.o(.text)
    CAN2_SCE_IRQHandler                      0x080017d3   Thumb Code     0  startup_stm32f40_41xxx.o(.text)
    CAN2_TX_IRQHandler                       0x080017d3   Thumb Code     0  startup_stm32f40_41xxx.o(.text)
    CRYP_IRQHandler                          0x080017d3   Thumb Code     0  startup_stm32f40_41xxx.o(.text)
    DCMI_IRQHandler                          0x080017d3   Thumb Code     0  startup_stm32f40_41xxx.o(.text)
    DMA1_Stream0_IRQHandler                  0x080017d3   Thumb Code     0  startup_stm32f40_41xxx.o(.text)
    DMA1_Stream1_IRQHandler                  0x080017d3   Thumb Code     0  startup_stm32f40_41xxx.o(.text)
    DMA1_Stream2_IRQHandler                  0x080017d3   Thumb Code     0  startup_stm32f40_41xxx.o(.text)
    DMA1_Stream3_IRQHandler                  0x080017d3   Thumb Code     0  startup_stm32f40_41xxx.o(.text)
    DMA1_Stream4_IRQHandler                  0x080017d3   Thumb Code     0  startup_stm32f40_41xxx.o(.text)
    DMA1_Stream5_IRQHandler                  0x080017d3   Thumb Code     0  startup_stm32f40_41xxx.o(.text)
    DMA1_Stream6_IRQHandler                  0x080017d3   Thumb Code     0  startup_stm32f40_41xxx.o(.text)
    DMA1_Stream7_IRQHandler                  0x080017d3   Thumb Code     0  startup_stm32f40_41xxx.o(.text)
    DMA2_Stream0_IRQHandler                  0x080017d3   Thumb Code     0  startup_stm32f40_41xxx.o(.text)
    DMA2_Stream1_IRQHandler                  0x080017d3   Thumb Code     0  startup_stm32f40_41xxx.o(.text)
    DMA2_Stream2_IRQHandler                  0x080017d3   Thumb Code     0  startup_stm32f40_41xxx.o(.text)
    DMA2_Stream3_IRQHandler                  0x080017d3   Thumb Code     0  startup_stm32f40_41xxx.o(.text)
    DMA2_Stream4_IRQHandler                  0x080017d3   Thumb Code     0  startup_stm32f40_41xxx.o(.text)
    DMA2_Stream5_IRQHandler                  0x080017d3   Thumb Code     0  startup_stm32f40_41xxx.o(.text)
    DMA2_Stream6_IRQHandler                  0x080017d3   Thumb Code     0  startup_stm32f40_41xxx.o(.text)
    DMA2_Stream7_IRQHandler                  0x080017d3   Thumb Code     0  startup_stm32f40_41xxx.o(.text)
    ETH_IRQHandler                           0x080017d3   Thumb Code     0  startup_stm32f40_41xxx.o(.text)
    ETH_WKUP_IRQHandler                      0x080017d3   Thumb Code     0  startup_stm32f40_41xxx.o(.text)
    EXTI0_IRQHandler                         0x080017d3   Thumb Code     0  startup_stm32f40_41xxx.o(.text)
    EXTI15_10_IRQHandler                     0x080017d3   Thumb Code     0  startup_stm32f40_41xxx.o(.text)
    EXTI1_IRQHandler                         0x080017d3   Thumb Code     0  startup_stm32f40_41xxx.o(.text)
    EXTI2_IRQHandler                         0x080017d3   Thumb Code     0  startup_stm32f40_41xxx.o(.text)
    EXTI3_IRQHandler                         0x080017d3   Thumb Code     0  startup_stm32f40_41xxx.o(.text)
    EXTI4_IRQHandler                         0x080017d3   Thumb Code     0  startup_stm32f40_41xxx.o(.text)
    EXTI9_5_IRQHandler                       0x080017d3   Thumb Code     0  startup_stm32f40_41xxx.o(.text)
    FLASH_IRQHandler                         0x080017d3   Thumb Code     0  startup_stm32f40_41xxx.o(.text)
    FPU_IRQHandler                           0x080017d3   Thumb Code     0  startup_stm32f40_41xxx.o(.text)
    FSMC_IRQHandler                          0x080017d3   Thumb Code     0  startup_stm32f40_41xxx.o(.text)
    HASH_RNG_IRQHandler                      0x080017d3   Thumb Code     0  startup_stm32f40_41xxx.o(.text)
    I2C1_ER_IRQHandler                       0x080017d3   Thumb Code     0  startup_stm32f40_41xxx.o(.text)
    I2C1_EV_IRQHandler                       0x080017d3   Thumb Code     0  startup_stm32f40_41xxx.o(.text)
    I2C2_ER_IRQHandler                       0x080017d3   Thumb Code     0  startup_stm32f40_41xxx.o(.text)
    I2C2_EV_IRQHandler                       0x080017d3   Thumb Code     0  startup_stm32f40_41xxx.o(.text)
    I2C3_ER_IRQHandler                       0x080017d3   Thumb Code     0  startup_stm32f40_41xxx.o(.text)
    I2C3_EV_IRQHandler                       0x080017d3   Thumb Code     0  startup_stm32f40_41xxx.o(.text)
    OTG_FS_IRQHandler                        0x080017d3   Thumb Code     0  startup_stm32f40_41xxx.o(.text)
    OTG_FS_WKUP_IRQHandler                   0x080017d3   Thumb Code     0  startup_stm32f40_41xxx.o(.text)
    OTG_HS_EP1_IN_IRQHandler                 0x080017d3   Thumb Code     0  startup_stm32f40_41xxx.o(.text)
    OTG_HS_EP1_OUT_IRQHandler                0x080017d3   Thumb Code     0  startup_stm32f40_41xxx.o(.text)
    OTG_HS_IRQHandler                        0x080017d3   Thumb Code     0  startup_stm32f40_41xxx.o(.text)
    OTG_HS_WKUP_IRQHandler                   0x080017d3   Thumb Code     0  startup_stm32f40_41xxx.o(.text)
    PVD_IRQHandler                           0x080017d3   Thumb Code     0  startup_stm32f40_41xxx.o(.text)
    RCC_IRQHandler                           0x080017d3   Thumb Code     0  startup_stm32f40_41xxx.o(.text)
    RTC_Alarm_IRQHandler                     0x080017d3   Thumb Code     0  startup_stm32f40_41xxx.o(.text)
    RTC_WKUP_IRQHandler                      0x080017d3   Thumb Code     0  startup_stm32f40_41xxx.o(.text)
    SDIO_IRQHandler                          0x080017d3   Thumb Code     0  startup_stm32f40_41xxx.o(.text)
    SPI1_IRQHandler                          0x080017d3   Thumb Code     0  startup_stm32f40_41xxx.o(.text)
    SPI2_IRQHandler                          0x080017d3   Thumb Code     0  startup_stm32f40_41xxx.o(.text)
    SPI3_IRQHandler                          0x080017d3   Thumb Code     0  startup_stm32f40_41xxx.o(.text)
    TAMP_STAMP_IRQHandler                    0x080017d3   Thumb Code     0  startup_stm32f40_41xxx.o(.text)
    TIM1_BRK_TIM9_IRQHandler                 0x080017d3   Thumb Code     0  startup_stm32f40_41xxx.o(.text)
    TIM1_CC_IRQHandler                       0x080017d3   Thumb Code     0  startup_stm32f40_41xxx.o(.text)
    TIM1_TRG_COM_TIM11_IRQHandler            0x080017d3   Thumb Code     0  startup_stm32f40_41xxx.o(.text)
    TIM1_UP_TIM10_IRQHandler                 0x080017d3   Thumb Code     0  startup_stm32f40_41xxx.o(.text)
    TIM2_IRQHandler                          0x080017d3   Thumb Code     0  startup_stm32f40_41xxx.o(.text)
    TIM3_IRQHandler                          0x080017d3   Thumb Code     0  startup_stm32f40_41xxx.o(.text)
    TIM4_IRQHandler                          0x080017d3   Thumb Code     0  startup_stm32f40_41xxx.o(.text)
    TIM5_IRQHandler                          0x080017d3   Thumb Code     0  startup_stm32f40_41xxx.o(.text)
    TIM6_DAC_IRQHandler                      0x080017d3   Thumb Code     0  startup_stm32f40_41xxx.o(.text)
    TIM7_IRQHandler                          0x080017d3   Thumb Code     0  startup_stm32f40_41xxx.o(.text)
    TIM8_BRK_TIM12_IRQHandler                0x080017d3   Thumb Code     0  startup_stm32f40_41xxx.o(.text)
    TIM8_CC_IRQHandler                       0x080017d3   Thumb Code     0  startup_stm32f40_41xxx.o(.text)
    TIM8_TRG_COM_TIM14_IRQHandler            0x080017d3   Thumb Code     0  startup_stm32f40_41xxx.o(.text)
    TIM8_UP_TIM13_IRQHandler                 0x080017d3   Thumb Code     0  startup_stm32f40_41xxx.o(.text)
    UART4_IRQHandler                         0x080017d3   Thumb Code     0  startup_stm32f40_41xxx.o(.text)
    UART5_IRQHandler                         0x080017d3   Thumb Code     0  startup_stm32f40_41xxx.o(.text)
    USART2_IRQHandler                        0x080017d3   Thumb Code     0  startup_stm32f40_41xxx.o(.text)
    USART3_IRQHandler                        0x080017d3   Thumb Code     0  startup_stm32f40_41xxx.o(.text)
    USART6_IRQHandler                        0x080017d3   Thumb Code     0  startup_stm32f40_41xxx.o(.text)
    WWDG_IRQHandler                          0x080017d3   Thumb Code     0  startup_stm32f40_41xxx.o(.text)
    __user_initial_stackheap                 0x080017d5   Thumb Code     0  startup_stm32f40_41xxx.o(.text)
    NVIC_PriorityGroupConfig                 0x080017f9   Thumb Code    10  misc.o(.text)
    NVIC_Init                                0x08001803   Thumb Code   106  misc.o(.text)
    NVIC_SetVectorTable                      0x0800186d   Thumb Code    14  misc.o(.text)
    NVIC_SystemLPConfig                      0x0800187b   Thumb Code    34  misc.o(.text)
    SysTick_CLKSourceConfig                  0x0800189d   Thumb Code    40  misc.o(.text)
    GPIO_DeInit                              0x080018d9   Thumb Code   268  stm32f4xx_gpio.o(.text)
    GPIO_Init                                0x080019e5   Thumb Code   144  stm32f4xx_gpio.o(.text)
    GPIO_StructInit                          0x08001a75   Thumb Code    18  stm32f4xx_gpio.o(.text)
    GPIO_PinLockConfig                       0x08001a87   Thumb Code    34  stm32f4xx_gpio.o(.text)
    GPIO_ReadInputDataBit                    0x08001aa9   Thumb Code    18  stm32f4xx_gpio.o(.text)
    GPIO_ReadInputData                       0x08001abb   Thumb Code     8  stm32f4xx_gpio.o(.text)
    GPIO_ReadOutputDataBit                   0x08001ac3   Thumb Code    18  stm32f4xx_gpio.o(.text)
    GPIO_ReadOutputData                      0x08001ad5   Thumb Code     8  stm32f4xx_gpio.o(.text)
    GPIO_SetBits                             0x08001add   Thumb Code     4  stm32f4xx_gpio.o(.text)
    GPIO_ResetBits                           0x08001ae1   Thumb Code     4  stm32f4xx_gpio.o(.text)
    GPIO_WriteBit                            0x08001ae5   Thumb Code    10  stm32f4xx_gpio.o(.text)
    GPIO_Write                               0x08001aef   Thumb Code     4  stm32f4xx_gpio.o(.text)
    GPIO_ToggleBits                          0x08001af3   Thumb Code     8  stm32f4xx_gpio.o(.text)
    GPIO_PinAFConfig                         0x08001afb   Thumb Code    70  stm32f4xx_gpio.o(.text)
    USART_DeInit                             0x08001b6d   Thumb Code   206  stm32f4xx_usart.o(.text)
    USART_Init                               0x08001c3b   Thumb Code   204  stm32f4xx_usart.o(.text)
    USART_StructInit                         0x08001d07   Thumb Code    24  stm32f4xx_usart.o(.text)
    USART_ClockInit                          0x08001d1f   Thumb Code    32  stm32f4xx_usart.o(.text)
    USART_ClockStructInit                    0x08001d3f   Thumb Code    12  stm32f4xx_usart.o(.text)
    USART_Cmd                                0x08001d4b   Thumb Code    24  stm32f4xx_usart.o(.text)
    USART_SetPrescaler                       0x08001d63   Thumb Code    16  stm32f4xx_usart.o(.text)
    USART_OverSampling8Cmd                   0x08001d73   Thumb Code    22  stm32f4xx_usart.o(.text)
    USART_OneBitMethodCmd                    0x08001d89   Thumb Code    24  stm32f4xx_usart.o(.text)
    USART_SendData                           0x08001da1   Thumb Code     8  stm32f4xx_usart.o(.text)
    USART_ReceiveData                        0x08001da9   Thumb Code    10  stm32f4xx_usart.o(.text)
    USART_SetAddress                         0x08001db3   Thumb Code    18  stm32f4xx_usart.o(.text)
    USART_ReceiverWakeUpCmd                  0x08001dc5   Thumb Code    24  stm32f4xx_usart.o(.text)
    USART_WakeUpConfig                       0x08001ddd   Thumb Code    18  stm32f4xx_usart.o(.text)
    USART_LINBreakDetectLengthConfig         0x08001def   Thumb Code    18  stm32f4xx_usart.o(.text)
    USART_LINCmd                             0x08001e01   Thumb Code    24  stm32f4xx_usart.o(.text)
    USART_SendBreak                          0x08001e19   Thumb Code    10  stm32f4xx_usart.o(.text)
    USART_HalfDuplexCmd                      0x08001e23   Thumb Code    24  stm32f4xx_usart.o(.text)
    USART_SetGuardTime                       0x08001e3b   Thumb Code    16  stm32f4xx_usart.o(.text)
    USART_SmartCardCmd                       0x08001e4b   Thumb Code    24  stm32f4xx_usart.o(.text)
    USART_SmartCardNACKCmd                   0x08001e63   Thumb Code    24  stm32f4xx_usart.o(.text)
    USART_IrDAConfig                         0x08001e7b   Thumb Code    18  stm32f4xx_usart.o(.text)
    USART_IrDACmd                            0x08001e8d   Thumb Code    24  stm32f4xx_usart.o(.text)
    USART_DMACmd                             0x08001ea5   Thumb Code    18  stm32f4xx_usart.o(.text)
    USART_ITConfig                           0x08001eb7   Thumb Code    74  stm32f4xx_usart.o(.text)
    USART_GetFlagStatus                      0x08001f01   Thumb Code    26  stm32f4xx_usart.o(.text)
    USART_ClearFlag                          0x08001f1b   Thumb Code    18  stm32f4xx_usart.o(.text)
    USART_GetITStatus                        0x08001f2d   Thumb Code   118  stm32f4xx_usart.o(.text)
    USART_ClearITPendingBit                  0x08001fa3   Thumb Code    30  stm32f4xx_usart.o(.text)
    RCC_DeInit                               0x08001fc1   Thumb Code    82  stm32f4xx_rcc.o(.text)
    RCC_HSEConfig                            0x08002013   Thumb Code    14  stm32f4xx_rcc.o(.text)
    RCC_GetFlagStatus                        0x08002021   Thumb Code    60  stm32f4xx_rcc.o(.text)
    RCC_WaitForHSEStartUp                    0x0800205d   Thumb Code    56  stm32f4xx_rcc.o(.text)
    RCC_AdjustHSICalibrationValue            0x08002095   Thumb Code    20  stm32f4xx_rcc.o(.text)
    RCC_HSICmd                               0x080020a9   Thumb Code     6  stm32f4xx_rcc.o(.text)
    RCC_LSEConfig                            0x080020af   Thumb Code    46  stm32f4xx_rcc.o(.text)
    RCC_LSICmd                               0x080020dd   Thumb Code     6  stm32f4xx_rcc.o(.text)
    RCC_PLLConfig                            0x080020e3   Thumb Code    32  stm32f4xx_rcc.o(.text)
    RCC_PLLCmd                               0x08002103   Thumb Code     6  stm32f4xx_rcc.o(.text)
    RCC_PLLI2SConfig                         0x08002109   Thumb Code    14  stm32f4xx_rcc.o(.text)
    RCC_PLLI2SCmd                            0x08002117   Thumb Code     6  stm32f4xx_rcc.o(.text)
    RCC_PLLSAIConfig                         0x0800211d   Thumb Code    20  stm32f4xx_rcc.o(.text)
    RCC_PLLSAICmd                            0x08002131   Thumb Code     6  stm32f4xx_rcc.o(.text)
    RCC_ClockSecuritySystemCmd               0x08002137   Thumb Code     6  stm32f4xx_rcc.o(.text)
    RCC_MCO1Config                           0x0800213d   Thumb Code    28  stm32f4xx_rcc.o(.text)
    RCC_MCO2Config                           0x08002159   Thumb Code    28  stm32f4xx_rcc.o(.text)
    RCC_SYSCLKConfig                         0x08002175   Thumb Code    20  stm32f4xx_rcc.o(.text)
    RCC_GetSYSCLKSource                      0x08002189   Thumb Code    12  stm32f4xx_rcc.o(.text)
    RCC_HCLKConfig                           0x08002195   Thumb Code    20  stm32f4xx_rcc.o(.text)
    RCC_PCLK1Config                          0x080021a9   Thumb Code    20  stm32f4xx_rcc.o(.text)
    RCC_PCLK2Config                          0x080021bd   Thumb Code    22  stm32f4xx_rcc.o(.text)
    RCC_GetClocksFreq                        0x080021d3   Thumb Code   222  stm32f4xx_rcc.o(.text)
    RCC_RTCCLKConfig                         0x080022b1   Thumb Code    54  stm32f4xx_rcc.o(.text)
    RCC_RTCCLKCmd                            0x080022e7   Thumb Code     8  stm32f4xx_rcc.o(.text)
    RCC_BackupResetCmd                       0x080022ef   Thumb Code     8  stm32f4xx_rcc.o(.text)
    RCC_I2SCLKConfig                         0x080022f7   Thumb Code     6  stm32f4xx_rcc.o(.text)
    RCC_SAIPLLI2SClkDivConfig                0x080022fd   Thumb Code    26  stm32f4xx_rcc.o(.text)
    RCC_SAIPLLSAIClkDivConfig                0x08002317   Thumb Code    28  stm32f4xx_rcc.o(.text)
    RCC_SAIBlockACLKConfig                   0x08002333   Thumb Code    20  stm32f4xx_rcc.o(.text)
    RCC_SAIBlockBCLKConfig                   0x08002347   Thumb Code    20  stm32f4xx_rcc.o(.text)
    RCC_LTDCCLKDivConfig                     0x0800235b   Thumb Code    20  stm32f4xx_rcc.o(.text)
    RCC_TIMCLKPresConfig                     0x0800236f   Thumb Code     6  stm32f4xx_rcc.o(.text)
    RCC_AHB1PeriphClockCmd                   0x08002375   Thumb Code    34  stm32f4xx_rcc.o(.text)
    RCC_AHB2PeriphClockCmd                   0x08002397   Thumb Code    78  stm32f4xx_rcc.o(.text)
    RCC_AHB3PeriphClockCmd                   0x080023e5   Thumb Code    34  stm32f4xx_rcc.o(.text)
    RCC_APB1PeriphClockCmd                   0x08002407   Thumb Code    34  stm32f4xx_rcc.o(.text)
    RCC_APB2PeriphClockCmd                   0x08002429   Thumb Code    34  stm32f4xx_rcc.o(.text)
    RCC_AHB1PeriphResetCmd                   0x0800244b   Thumb Code    34  stm32f4xx_rcc.o(.text)
    RCC_AHB2PeriphResetCmd                   0x0800246d   Thumb Code    34  stm32f4xx_rcc.o(.text)
    RCC_AHB3PeriphResetCmd                   0x0800248f   Thumb Code    34  stm32f4xx_rcc.o(.text)
    RCC_APB1PeriphResetCmd                   0x080024b1   Thumb Code    34  stm32f4xx_rcc.o(.text)
    RCC_APB2PeriphResetCmd                   0x080024d3   Thumb Code    34  stm32f4xx_rcc.o(.text)
    RCC_AHB1PeriphClockLPModeCmd             0x080024f5   Thumb Code    34  stm32f4xx_rcc.o(.text)
    RCC_AHB2PeriphClockLPModeCmd             0x08002517   Thumb Code    34  stm32f4xx_rcc.o(.text)
    RCC_AHB3PeriphClockLPModeCmd             0x08002539   Thumb Code    34  stm32f4xx_rcc.o(.text)
    RCC_APB1PeriphClockLPModeCmd             0x0800255b   Thumb Code    34  stm32f4xx_rcc.o(.text)
    RCC_APB2PeriphClockLPModeCmd             0x0800257d   Thumb Code    34  stm32f4xx_rcc.o(.text)
    RCC_LSEModeConfig                        0x0800259f   Thumb Code    40  stm32f4xx_rcc.o(.text)
    RCC_ITConfig                             0x080025c7   Thumb Code    34  stm32f4xx_rcc.o(.text)
    RCC_ClearFlag                            0x080025e9   Thumb Code    18  stm32f4xx_rcc.o(.text)
    RCC_GetITStatus                          0x080025fb   Thumb Code    22  stm32f4xx_rcc.o(.text)
    RCC_ClearITPendingBit                    0x08002611   Thumb Code     8  stm32f4xx_rcc.o(.text)
    __use_no_semihosting                     0x0800261d   Thumb Code     2  use_no_semi_2.o(.text)
    __2printf                                0x08002621   Thumb Code    20  noretval__2printf.o(.text)
    _printf_int_dec                          0x08002639   Thumb Code   104  _printf_dec.o(.text)
    __printf                                 0x080026b1   Thumb Code   352  __printf_ss_wp.o(.text)
    __use_two_region_memory                  0x08002811   Thumb Code     2  heapauxi.o(.text)
    __rt_heap_escrow$2region                 0x08002813   Thumb Code     2  heapauxi.o(.text)
    __rt_heap_expand$2region                 0x08002815   Thumb Code     2  heapauxi.o(.text)
    __I$use$semihosting                      0x08002817   Thumb Code     0  use_no_semi.o(.text)
    __use_no_semihosting_swi                 0x08002817   Thumb Code     2  use_no_semi.o(.text)
    __read_errno                             0x08002819   Thumb Code    10  _rserrno.o(.text)
    __set_errno                              0x08002823   Thumb Code    12  _rserrno.o(.text)
    _printf_int_common                       0x0800282f   Thumb Code   178  _printf_intcommon.o(.text)
    __lib_sel_fp_printf                      0x080028e1   Thumb Code     2  _printf_fp_dec.o(.text)
    _printf_fp_dec_real                      0x08002a8f   Thumb Code   620  _printf_fp_dec.o(.text)
    _printf_char_file                        0x08002cfd   Thumb Code    32  _printf_char_file.o(.text)
    __rt_locale                              0x08002d21   Thumb Code     8  rt_locale_intlibspace.o(.text)
    __aeabi_errno_addr                       0x08002d29   Thumb Code     8  rt_errno_addr_intlibspace.o(.text)
    __errno$intlibspace                      0x08002d29   Thumb Code     0  rt_errno_addr_intlibspace.o(.text)
    __rt_errno_addr$intlibspace              0x08002d29   Thumb Code     0  rt_errno_addr_intlibspace.o(.text)
    _ll_udiv10                               0x08002d31   Thumb Code   138  lludiv10.o(.text)
    _printf_char_common                      0x08002dc7   Thumb Code    32  _printf_char_common.o(.text)
    _printf_fp_infnan                        0x08002ded   Thumb Code   112  _printf_fp_infnan.o(.text)
    _btod_etento                             0x08002e6d   Thumb Code   216  bigflt0.o(.text)
    ferror                                   0x08002f49   Thumb Code     8  ferror.o(.text)
    __user_libspace                          0x08002f51   Thumb Code     8  libspace.o(.text)
    __user_perproc_libspace                  0x08002f51   Thumb Code     0  libspace.o(.text)
    __user_perthread_libspace                0x08002f51   Thumb Code     0  libspace.o(.text)
    __user_setup_stackheap                   0x08002f59   Thumb Code    74  sys_stackheap_outer.o(.text)
    exit                                     0x08002fa3   Thumb Code    12  exit.o(.text)
    strcmp                                   0x08002fb1   Thumb Code   128  strcmpv7m.o(.text)
    _btod_d2e                                0x08003031   Thumb Code    62  btod.o(CL$$btod_d2e)
    _d2e_denorm_low                          0x0800306f   Thumb Code    70  btod.o(CL$$btod_d2e_denorm_low)
    _d2e_norm_op1                            0x080030b5   Thumb Code    96  btod.o(CL$$btod_d2e_norm_op1)
    __btod_div_common                        0x08003115   Thumb Code   696  btod.o(CL$$btod_div_common)
    _e2e                                     0x0800344d   Thumb Code   198  btod.o(CL$$btod_e2e)
    _btod_ediv                               0x08003513   Thumb Code    40  btod.o(CL$$btod_ediv)
    _btod_emul                               0x0800353b   Thumb Code    40  btod.o(CL$$btod_emul)
    __btod_mult_common                       0x08003563   Thumb Code   580  btod.o(CL$$btod_mult_common)
    __ARM_fpclassify                         0x080037a7   Thumb Code    48  fpclassify.o(i.__ARM_fpclassify)
    __hardfp_atan                            0x080037d9   Thumb Code   622  atan.o(i.__hardfp_atan)
    __hardfp_exp                             0x08003ab1   Thumb Code   714  exp.o(i.__hardfp_exp)
    __hardfp_fabs                            0x08003e09   Thumb Code    20  fabs.o(i.__hardfp_fabs)
    __hardfp_log                             0x08003e21   Thumb Code   872  log.o(i.__hardfp_log)
    __hardfp_log10                           0x080041e9   Thumb Code   260  log10.o(i.__hardfp_log10)
    __hardfp_sin                             0x08004319   Thumb Code   180  sin.o(i.__hardfp_sin)
    __ieee754_rem_pio2                       0x080043e1   Thumb Code   938  rred.o(i.__ieee754_rem_pio2)
    __kernel_cos                             0x08004819   Thumb Code   322  cos_i.o(i.__kernel_cos)
    __kernel_poly                            0x08004989   Thumb Code   248  poly.o(i.__kernel_poly)
    __kernel_sin                             0x08004a81   Thumb Code   280  sin_i.o(i.__kernel_sin)
    __mathlib_dbl_divzero                    0x08004bb1   Thumb Code    28  dunder.o(i.__mathlib_dbl_divzero)
    __mathlib_dbl_infnan                     0x08004be1   Thumb Code    20  dunder.o(i.__mathlib_dbl_infnan)
    __mathlib_dbl_invalid                    0x08004bf9   Thumb Code    24  dunder.o(i.__mathlib_dbl_invalid)
    __mathlib_dbl_overflow                   0x08004c19   Thumb Code    24  dunder.o(i.__mathlib_dbl_overflow)
    __mathlib_dbl_underflow                  0x08004c39   Thumb Code    24  dunder.o(i.__mathlib_dbl_underflow)
    _is_digit                                0x08004c59   Thumb Code    14  __printf_wp.o(i._is_digit)
    fabs                                     0x08004c67   Thumb Code    24  fabs.o(i.fabs)
    log                                      0x08004c7f   Thumb Code    16  log.o(i.log)
    _get_lc_numeric                          0x08004c91   Thumb Code    44  lc_numeric_c.o(locale$$code)
    __aeabi_dneg                             0x08004cbd   Thumb Code     0  basic.o(x$fpl$basic)
    _dneg                                    0x08004cbd   Thumb Code     6  basic.o(x$fpl$basic)
    __aeabi_fneg                             0x08004cc3   Thumb Code     0  basic.o(x$fpl$basic)
    _fneg                                    0x08004cc3   Thumb Code     6  basic.o(x$fpl$basic)
    _dabs                                    0x08004cc9   Thumb Code     6  basic.o(x$fpl$basic)
    _fabs                                    0x08004ccf   Thumb Code     6  basic.o(x$fpl$basic)
    __aeabi_d2f                              0x08004cd5   Thumb Code     0  d2f.o(x$fpl$d2f)
    _d2f                                     0x08004cd5   Thumb Code    98  d2f.o(x$fpl$d2f)
    __aeabi_dadd                             0x08004d39   Thumb Code     0  daddsub_clz.o(x$fpl$dadd)
    _dadd                                    0x08004d39   Thumb Code   332  daddsub_clz.o(x$fpl$dadd)
    __fpl_dcmp_Inf                           0x08004e89   Thumb Code    24  dcmpi.o(x$fpl$dcmpinf)
    __aeabi_ddiv                             0x08004ea1   Thumb Code     0  ddiv.o(x$fpl$ddiv)
    _ddiv                                    0x08004ea1   Thumb Code   552  ddiv.o(x$fpl$ddiv)
    __aeabi_cdcmpeq                          0x08005151   Thumb Code     0  deqf.o(x$fpl$deqf)
    _dcmpeq                                  0x08005151   Thumb Code   120  deqf.o(x$fpl$deqf)
    __aeabi_d2iz                             0x080051c9   Thumb Code     0  dfix.o(x$fpl$dfix)
    _dfix                                    0x080051c9   Thumb Code    94  dfix.o(x$fpl$dfix)
    __aeabi_d2uiz                            0x08005229   Thumb Code     0  dfixu.o(x$fpl$dfixu)
    _dfixu                                   0x08005229   Thumb Code    90  dfixu.o(x$fpl$dfixu)
    __aeabi_i2d                              0x08005283   Thumb Code     0  dflt_clz.o(x$fpl$dflt)
    _dflt                                    0x08005283   Thumb Code    46  dflt_clz.o(x$fpl$dflt)
    __aeabi_ui2d                             0x080052b1   Thumb Code     0  dflt_clz.o(x$fpl$dfltu)
    _dfltu                                   0x080052b1   Thumb Code    38  dflt_clz.o(x$fpl$dfltu)
    __aeabi_cdcmple                          0x080052d9   Thumb Code     0  dleqf.o(x$fpl$dleqf)
    _dcmple                                  0x080052d9   Thumb Code   120  dleqf.o(x$fpl$dleqf)
    __fpl_dcmple_InfNaN                      0x0800533b   Thumb Code     0  dleqf.o(x$fpl$dleqf)
    __aeabi_dmul                             0x08005351   Thumb Code     0  dmul.o(x$fpl$dmul)
    _dmul                                    0x08005351   Thumb Code   332  dmul.o(x$fpl$dmul)
    __fpl_dnaninf                            0x080054a5   Thumb Code   156  dnaninf.o(x$fpl$dnaninf)
    __fpl_dretinf                            0x08005541   Thumb Code    12  dretinf.o(x$fpl$dretinf)
    __aeabi_cdrcmple                         0x0800554d   Thumb Code     0  drleqf.o(x$fpl$drleqf)
    _drcmple                                 0x0800554d   Thumb Code   108  drleqf.o(x$fpl$drleqf)
    __aeabi_drsub                            0x080055b9   Thumb Code     0  daddsub_clz.o(x$fpl$drsb)
    _drsb                                    0x080055b9   Thumb Code    22  daddsub_clz.o(x$fpl$drsb)
    __aeabi_dsub                             0x080055d1   Thumb Code     0  daddsub_clz.o(x$fpl$dsub)
    _dsub                                    0x080055d1   Thumb Code   464  daddsub_clz.o(x$fpl$dsub)
    __aeabi_f2d                              0x080057a5   Thumb Code     0  f2d.o(x$fpl$f2d)
    _f2d                                     0x080057a5   Thumb Code    86  f2d.o(x$fpl$f2d)
    __fpl_fnaninf                            0x080057fb   Thumb Code   140  fnaninf.o(x$fpl$fnaninf)
    _fp_init                                 0x08005887   Thumb Code    10  fpinit.o(x$fpl$fpinit)
    __fplib_config_fpu_vfp                   0x0800588f   Thumb Code     0  fpinit.o(x$fpl$fpinit)
    __fplib_config_pureend_doubles           0x0800588f   Thumb Code     0  fpinit.o(x$fpl$fpinit)
    __fpl_fretinf                            0x08005891   Thumb Code    10  fretinf.o(x$fpl$fretinf)
    _printf_fp_dec                           0x0800589b   Thumb Code     4  printf1.o(x$fpl$printf1)
    __I$use$fp                               0x0800589e   Number         0  usenofp.o(x$fpl$usenofp)
    __mathlib_zero                           0x080059f8   Data           8  qnan.o(.constdata)
    Region$$Table$$Base                      0x08005b84   Number         0  anon$$obj.o(Region$$Table)
    Region$$Table$$Limit                     0x08005ba4   Number         0  anon$$obj.o(Region$$Table)
    SystemCoreClock                          0x20000000   Data           4  system_stm32f4xx.o(.data)
    AHBPrescTable                            0x20000004   Data          16  system_stm32f4xx.o(.data)
    Config                                   0x20000014   Data           4  ads1115.o(.data)
    Writebuff                                0x20000018   Data           4  ads1115.o(.data)
    Readbuff                                 0x2000001c   Data           3  ads1115.o(.data)
    Result                                   0x20000020   Data           8  ads1115.o(.data)
    D_ADS                                    0x20000028   Data           4  ads1115.o(.data)
    VIN_DAS                                  0x2000002c   Data           4  ads1115.o(.data)
    t_DAS                                    0x20000030   Data           1  ads1115.o(.data)
    CSR_DATA0                                0x20000034   Data           1  ad9959.o(.data)
    CSR_DATA1                                0x20000035   Data           1  ad9959.o(.data)
    CSR_DATA2                                0x20000036   Data           1  ad9959.o(.data)
    CSR_DATA3                                0x20000037   Data           1  ad9959.o(.data)
    FR2_DATA                                 0x20000038   Data           2  ad9959.o(.data)
    CFR_DATA                                 0x2000003a   Data           3  ad9959.o(.data)
    CPOW0_DATA                               0x2000003d   Data           2  ad9959.o(.data)
    LSRR_DATA                                0x2000003f   Data           2  ad9959.o(.data)
    RDW_DATA                                 0x20000041   Data           4  ad9959.o(.data)
    FDW_DATA                                 0x20000045   Data           4  ad9959.o(.data)
    SinFre                                   0x2000004c   Data          16  ad9959.o(.data)
    SinAmp                                   0x2000005c   Data          16  ad9959.o(.data)
    SinPhr                                   0x2000006c   Data          16  ad9959.o(.data)
    __stdout                                 0x20000080   Data           4  usart.o(.data)
    USART_RX_STA                             0x20000084   Data           2  usart.o(.data)
    DB_OK                                    0x20000086   Data           1  task.o(.data)
    O_OK                                     0x20000087   Data           1  task.o(.data)
    Format                                   0x2000009c   Data          20  ads1115.o(.bss)
    USART_RX_BUF                             0x200000b0   Data         200  usart.o(.bss)
    DB_S                                     0x20000178   Data        3600  task.o(.bss)
    O_S                                      0x20000f88   Data        3600  task.o(.bss)
    __libspace_start                         0x20001d98   Data          96  libspace.o(.bss)
    __temporary_stack_top$libspace           0x20001df8   Data           0  libspace.o(.bss)



==============================================================================

Memory Map of the image

  Image Entry point : 0x08000189

  Load Region LR_IROM1 (Base: 0x08000000, Size: 0x00005c5c, Max: 0x00100000, ABSOLUTE)

    Execution Region ER_IROM1 (Base: 0x08000000, Size: 0x00005bc0, Max: 0x00100000, ABSOLUTE)

    Base Addr    Size         Type   Attr      Idx    E Section Name        Object

    0x08000000   0x00000188   Data   RO          476    RESET               startup_stm32f40_41xxx.o
    0x08000188   0x00000008   Code   RO          660  * !!!main             c_w.l(__main.o)
    0x08000190   0x00000034   Code   RO         1033    !!!scatter          c_w.l(__scatter.o)
    0x080001c4   0x0000001a   Code   RO         1035    !!handler_copy      c_w.l(__scatter_copy.o)
    0x080001de   0x00000002   PAD
    0x080001e0   0x0000001c   Code   RO         1037    !!handler_zi        c_w.l(__scatter_zi.o)
    0x080001fc   0x00000000   Code   RO          657    .ARM.Collect$$_printf_percent$$00000000  c_w.l(_printf_percent.o)
    0x080001fc   0x00000006   Code   RO          656    .ARM.Collect$$_printf_percent$$00000003  c_w.l(_printf_f.o)
    0x08000202   0x00000006   Code   RO          655    .ARM.Collect$$_printf_percent$$00000009  c_w.l(_printf_d.o)
    0x08000208   0x00000004   Code   RO          763    .ARM.Collect$$_printf_percent$$00000017  c_w.l(_printf_percent_end.o)
    0x0800020c   0x00000002   Code   RO          911    .ARM.Collect$$libinit$$00000000  c_w.l(libinit.o)
    0x0800020e   0x00000004   Code   RO          912    .ARM.Collect$$libinit$$00000001  c_w.l(libinit2.o)
    0x08000212   0x00000000   Code   RO          915    .ARM.Collect$$libinit$$00000004  c_w.l(libinit2.o)
    0x08000212   0x00000000   Code   RO          918    .ARM.Collect$$libinit$$0000000A  c_w.l(libinit2.o)
    0x08000212   0x00000000   Code   RO          920    .ARM.Collect$$libinit$$0000000C  c_w.l(libinit2.o)
    0x08000212   0x00000000   Code   RO          922    .ARM.Collect$$libinit$$0000000E  c_w.l(libinit2.o)
    0x08000212   0x00000006   Code   RO          923    .ARM.Collect$$libinit$$0000000F  c_w.l(libinit2.o)
    0x08000218   0x00000000   Code   RO          925    .ARM.Collect$$libinit$$00000011  c_w.l(libinit2.o)
    0x08000218   0x00000000   Code   RO          927    .ARM.Collect$$libinit$$00000013  c_w.l(libinit2.o)
    0x08000218   0x00000000   Code   RO          929    .ARM.Collect$$libinit$$00000015  c_w.l(libinit2.o)
    0x08000218   0x0000000a   Code   RO          930    .ARM.Collect$$libinit$$00000016  c_w.l(libinit2.o)
    0x08000222   0x00000000   Code   RO          931    .ARM.Collect$$libinit$$00000017  c_w.l(libinit2.o)
    0x08000222   0x00000000   Code   RO          933    .ARM.Collect$$libinit$$00000019  c_w.l(libinit2.o)
    0x08000222   0x00000000   Code   RO          935    .ARM.Collect$$libinit$$0000001B  c_w.l(libinit2.o)
    0x08000222   0x00000000   Code   RO          937    .ARM.Collect$$libinit$$0000001D  c_w.l(libinit2.o)
    0x08000222   0x00000000   Code   RO          939    .ARM.Collect$$libinit$$0000001F  c_w.l(libinit2.o)
    0x08000222   0x00000000   Code   RO          941    .ARM.Collect$$libinit$$00000021  c_w.l(libinit2.o)
    0x08000222   0x00000000   Code   RO          943    .ARM.Collect$$libinit$$00000023  c_w.l(libinit2.o)
    0x08000222   0x00000000   Code   RO          945    .ARM.Collect$$libinit$$00000025  c_w.l(libinit2.o)
    0x08000222   0x00000000   Code   RO          949    .ARM.Collect$$libinit$$0000002C  c_w.l(libinit2.o)
    0x08000222   0x00000000   Code   RO          951    .ARM.Collect$$libinit$$0000002E  c_w.l(libinit2.o)
    0x08000222   0x00000000   Code   RO          953    .ARM.Collect$$libinit$$00000030  c_w.l(libinit2.o)
    0x08000222   0x00000000   Code   RO          955    .ARM.Collect$$libinit$$00000032  c_w.l(libinit2.o)
    0x08000222   0x00000002   Code   RO          956    .ARM.Collect$$libinit$$00000033  c_w.l(libinit2.o)
    0x08000224   0x00000002   Code   RO          984    .ARM.Collect$$libshutdown$$00000000  c_w.l(libshutdown.o)
    0x08000226   0x00000000   Code   RO          994    .ARM.Collect$$libshutdown$$00000003  c_w.l(libshutdown2.o)
    0x08000226   0x00000000   Code   RO          997    .ARM.Collect$$libshutdown$$00000006  c_w.l(libshutdown2.o)
    0x08000226   0x00000000   Code   RO         1000    .ARM.Collect$$libshutdown$$00000009  c_w.l(libshutdown2.o)
    0x08000226   0x00000000   Code   RO         1002    .ARM.Collect$$libshutdown$$0000000B  c_w.l(libshutdown2.o)
    0x08000226   0x00000000   Code   RO         1005    .ARM.Collect$$libshutdown$$0000000E  c_w.l(libshutdown2.o)
    0x08000226   0x00000002   Code   RO         1006    .ARM.Collect$$libshutdown$$0000000F  c_w.l(libshutdown2.o)
    0x08000228   0x00000000   Code   RO          754    .ARM.Collect$$rtentry$$00000000  c_w.l(__rtentry.o)
    0x08000228   0x00000000   Code   RO          829    .ARM.Collect$$rtentry$$00000002  c_w.l(__rtentry2.o)
    0x08000228   0x00000006   Code   RO          841    .ARM.Collect$$rtentry$$00000004  c_w.l(__rtentry4.o)
    0x0800022e   0x00000000   Code   RO          831    .ARM.Collect$$rtentry$$00000009  c_w.l(__rtentry2.o)
    0x0800022e   0x00000004   Code   RO          832    .ARM.Collect$$rtentry$$0000000A  c_w.l(__rtentry2.o)
    0x08000232   0x00000000   Code   RO          834    .ARM.Collect$$rtentry$$0000000C  c_w.l(__rtentry2.o)
    0x08000232   0x00000008   Code   RO          835    .ARM.Collect$$rtentry$$0000000D  c_w.l(__rtentry2.o)
    0x0800023a   0x00000002   Code   RO          957    .ARM.Collect$$rtexit$$00000000  c_w.l(rtexit.o)
    0x0800023c   0x00000000   Code   RO          964    .ARM.Collect$$rtexit$$00000002  c_w.l(rtexit2.o)
    0x0800023c   0x00000004   Code   RO          965    .ARM.Collect$$rtexit$$00000003  c_w.l(rtexit2.o)
    0x08000240   0x00000006   Code   RO          966    .ARM.Collect$$rtexit$$00000004  c_w.l(rtexit2.o)
    0x08000246   0x00000002   PAD
    0x08000248   0x000000e4   Code   RO            3    .text               main.o
    0x0800032c   0x0000001a   Code   RO          165    .text               stm32f4xx_it.o
    0x08000346   0x00000002   PAD
    0x08000348   0x00000210   Code   RO          214    .text               system_stm32f4xx.o
    0x08000558   0x00000038   Code   RO          297    .text               gpio.o
    0x08000590   0x00000548   Code   RO          317    .text               ads1115.o
    0x08000ad8   0x00000488   Code   RO          358    .text               ad9959.o
    0x08000f60   0x00000104   Code   RO          381    .text               delay.o
    0x08001064   0x00000124   Code   RO          421    .text               usart.o
    0x08001188   0x00000630   Code   RO          452    .text               task.o
    0x080017b8   0x00000040   Code   RO          477    .text               startup_stm32f40_41xxx.o
    0x080017f8   0x000000e0   Code   RO          483    .text               misc.o
    0x080018d8   0x00000294   Code   RO          503    .text               stm32f4xx_gpio.o
    0x08001b6c   0x00000454   Code   RO          523    .text               stm32f4xx_usart.o
    0x08001fc0   0x0000065c   Code   RO          583    .text               stm32f4xx_rcc.o
    0x0800261c   0x00000002   Code   RO          625    .text               c_w.l(use_no_semi_2.o)
    0x0800261e   0x00000002   PAD
    0x08002620   0x00000018   Code   RO          629    .text               c_w.l(noretval__2printf.o)
    0x08002638   0x00000078   Code   RO          633    .text               c_w.l(_printf_dec.o)
    0x080026b0   0x00000160   Code   RO          650    .text               c_w.l(__printf_ss_wp.o)
    0x08002810   0x00000006   Code   RO          658    .text               c_w.l(heapauxi.o)
    0x08002816   0x00000002   Code   RO          752    .text               c_w.l(use_no_semi.o)
    0x08002818   0x00000016   Code   RO          755    .text               c_w.l(_rserrno.o)
    0x0800282e   0x000000b2   Code   RO          757    .text               c_w.l(_printf_intcommon.o)
    0x080028e0   0x0000041a   Code   RO          759    .text               c_w.l(_printf_fp_dec.o)
    0x08002cfa   0x00000002   PAD
    0x08002cfc   0x00000024   Code   RO          761    .text               c_w.l(_printf_char_file.o)
    0x08002d20   0x00000008   Code   RO          846    .text               c_w.l(rt_locale_intlibspace.o)
    0x08002d28   0x00000008   Code   RO          851    .text               c_w.l(rt_errno_addr_intlibspace.o)
    0x08002d30   0x0000008a   Code   RO          853    .text               c_w.l(lludiv10.o)
    0x08002dba   0x00000002   PAD
    0x08002dbc   0x00000030   Code   RO          855    .text               c_w.l(_printf_char_common.o)
    0x08002dec   0x00000080   Code   RO          857    .text               c_w.l(_printf_fp_infnan.o)
    0x08002e6c   0x000000dc   Code   RO          859    .text               c_w.l(bigflt0.o)
    0x08002f48   0x00000008   Code   RO          884    .text               c_w.l(ferror.o)
    0x08002f50   0x00000008   Code   RO          895    .text               c_w.l(libspace.o)
    0x08002f58   0x0000004a   Code   RO          898    .text               c_w.l(sys_stackheap_outer.o)
    0x08002fa2   0x0000000c   Code   RO          902    .text               c_w.l(exit.o)
    0x08002fae   0x00000002   PAD
    0x08002fb0   0x00000080   Code   RO          904    .text               c_w.l(strcmpv7m.o)
    0x08003030   0x0000003e   Code   RO          862    CL$$btod_d2e        c_w.l(btod.o)
    0x0800306e   0x00000046   Code   RO          864    CL$$btod_d2e_denorm_low  c_w.l(btod.o)
    0x080030b4   0x00000060   Code   RO          863    CL$$btod_d2e_norm_op1  c_w.l(btod.o)
    0x08003114   0x00000338   Code   RO          872    CL$$btod_div_common  c_w.l(btod.o)
    0x0800344c   0x000000c6   Code   RO          869    CL$$btod_e2e        c_w.l(btod.o)
    0x08003512   0x00000028   Code   RO          866    CL$$btod_ediv       c_w.l(btod.o)
    0x0800353a   0x00000028   Code   RO          865    CL$$btod_emul       c_w.l(btod.o)
    0x08003562   0x00000244   Code   RO          871    CL$$btod_mult_common  c_w.l(btod.o)
    0x080037a6   0x00000030   Code   RO          798    i.__ARM_fpclassify  m_wm.l(fpclassify.o)
    0x080037d6   0x00000002   PAD
    0x080037d8   0x000002d8   Code   RO          694    i.__hardfp_atan     m_wm.l(atan.o)
    0x08003ab0   0x00000358   Code   RO          708    i.__hardfp_exp      m_wm.l(exp.o)
    0x08003e08   0x00000014   Code   RO          722    i.__hardfp_fabs     m_wm.l(fabs.o)
    0x08003e1c   0x00000004   PAD
    0x08003e20   0x000003c4   Code   RO          800    i.__hardfp_log      m_wm.l(log.o)
    0x080041e4   0x00000004   PAD
    0x080041e8   0x00000130   Code   RO          728    i.__hardfp_log10    m_wm.l(log10.o)
    0x08004318   0x000000c8   Code   RO          740    i.__hardfp_sin      m_wm.l(sin.o)
    0x080043e0   0x00000438   Code   RO          817    i.__ieee754_rem_pio2  m_wm.l(rred.o)
    0x08004818   0x00000170   Code   RO          781    i.__kernel_cos      m_wm.l(cos_i.o)
    0x08004988   0x000000f8   Code   RO          814    i.__kernel_poly     m_wm.l(poly.o)
    0x08004a80   0x00000130   Code   RO          822    i.__kernel_sin      m_wm.l(sin_i.o)
    0x08004bb0   0x00000030   Code   RO          784    i.__mathlib_dbl_divzero  m_wm.l(dunder.o)
    0x08004be0   0x00000014   Code   RO          785    i.__mathlib_dbl_infnan  m_wm.l(dunder.o)
    0x08004bf4   0x00000004   PAD
    0x08004bf8   0x00000020   Code   RO          787    i.__mathlib_dbl_invalid  m_wm.l(dunder.o)
    0x08004c18   0x00000020   Code   RO          788    i.__mathlib_dbl_overflow  m_wm.l(dunder.o)
    0x08004c38   0x00000020   Code   RO          790    i.__mathlib_dbl_underflow  m_wm.l(dunder.o)
    0x08004c58   0x0000000e   Code   RO          645    i._is_digit         c_w.l(__printf_wp.o)
    0x08004c66   0x00000018   Code   RO          724    i.fabs              m_wm.l(fabs.o)
    0x08004c7e   0x00000010   Code   RO          802    i.log               m_wm.l(log.o)
    0x08004c8e   0x00000002   PAD
    0x08004c90   0x0000002c   Code   RO          889    locale$$code        c_w.l(lc_numeric_c.o)
    0x08004cbc   0x00000018   Code   RO          764    x$fpl$basic         fz_wm.l(basic.o)
    0x08004cd4   0x00000062   Code   RO          662    x$fpl$d2f           fz_wm.l(d2f.o)
    0x08004d36   0x00000002   PAD
    0x08004d38   0x00000150   Code   RO          664    x$fpl$dadd          fz_wm.l(daddsub_clz.o)
    0x08004e88   0x00000018   Code   RO          766    x$fpl$dcmpinf       fz_wm.l(dcmpi.o)
    0x08004ea0   0x000002b0   Code   RO          671    x$fpl$ddiv          fz_wm.l(ddiv.o)
    0x08005150   0x00000078   Code   RO          891    x$fpl$deqf          fz_wm.l(deqf.o)
    0x080051c8   0x0000005e   Code   RO          768    x$fpl$dfix          fz_wm.l(dfix.o)
    0x08005226   0x00000002   PAD
    0x08005228   0x0000005a   Code   RO          674    x$fpl$dfixu         fz_wm.l(dfixu.o)
    0x08005282   0x0000002e   Code   RO          679    x$fpl$dflt          fz_wm.l(dflt_clz.o)
    0x080052b0   0x00000026   Code   RO          678    x$fpl$dfltu         fz_wm.l(dflt_clz.o)
    0x080052d6   0x00000002   PAD
    0x080052d8   0x00000078   Code   RO          684    x$fpl$dleqf         fz_wm.l(dleqf.o)
    0x08005350   0x00000154   Code   RO          686    x$fpl$dmul          fz_wm.l(dmul.o)
    0x080054a4   0x0000009c   Code   RO          772    x$fpl$dnaninf       fz_wm.l(dnaninf.o)
    0x08005540   0x0000000c   Code   RO          774    x$fpl$dretinf       fz_wm.l(dretinf.o)
    0x0800554c   0x0000006c   Code   RO          688    x$fpl$drleqf        fz_wm.l(drleqf.o)
    0x080055b8   0x00000016   Code   RO          665    x$fpl$drsb          fz_wm.l(daddsub_clz.o)
    0x080055ce   0x00000002   PAD
    0x080055d0   0x000001d4   Code   RO          666    x$fpl$dsub          fz_wm.l(daddsub_clz.o)
    0x080057a4   0x00000056   Code   RO          690    x$fpl$f2d           fz_wm.l(f2d.o)
    0x080057fa   0x0000008c   Code   RO          776    x$fpl$fnaninf       fz_wm.l(fnaninf.o)
    0x08005886   0x0000000a   Code   RO          961    x$fpl$fpinit        fz_wm.l(fpinit.o)
    0x08005890   0x0000000a   Code   RO          778    x$fpl$fretinf       fz_wm.l(fretinf.o)
    0x0800589a   0x00000004   Code   RO          692    x$fpl$printf1       fz_wm.l(printf1.o)
    0x0800589e   0x00000000   Code   RO          780    x$fpl$usenofp       fz_wm.l(usenofp.o)
    0x0800589e   0x00000002   PAD
    0x080058a0   0x00000098   Data   RO          697    .constdata          m_wm.l(atan.o)
    0x08005938   0x00000058   Data   RO          711    .constdata          m_wm.l(exp.o)
    0x08005990   0x00000030   Data   RO          782    .constdata          m_wm.l(cos_i.o)
    0x080059c0   0x00000038   Data   RO          803    .constdata          m_wm.l(log.o)
    0x080059f8   0x00000008   Data   RO          816    .constdata          m_wm.l(qnan.o)
    0x08005a00   0x000000c8   Data   RO          819    .constdata          m_wm.l(rred.o)
    0x08005ac8   0x00000028   Data   RO          823    .constdata          m_wm.l(sin_i.o)
    0x08005af0   0x00000094   Data   RO          860    .constdata          c_w.l(bigflt0.o)
    0x08005b84   0x00000020   Data   RO         1031    Region$$Table       anon$$obj.o
    0x08005ba4   0x0000001c   Data   RO          888    locale$$data        c_w.l(lc_numeric_c.o)


    Execution Region RW_IRAM1 (Base: 0x20000000, Size: 0x000023f8, Max: 0x00020000, ABSOLUTE)

    Base Addr    Size         Type   Attr      Idx    E Section Name        Object

    0x20000000   0x00000014   Data   RW          215    .data               system_stm32f4xx.o
    0x20000014   0x0000001d   Data   RW          319    .data               ads1115.o
    0x20000031   0x00000003   PAD
    0x20000034   0x00000048   Data   RW          359    .data               ad9959.o
    0x2000007c   0x00000004   Data   RW          382    .data               delay.o
    0x20000080   0x00000006   Data   RW          423    .data               usart.o
    0x20000086   0x00000006   Data   RW          454    .data               task.o
    0x2000008c   0x00000010   Data   RW          584    .data               stm32f4xx_rcc.o
    0x2000009c   0x00000014   Zero   RW          318    .bss                ads1115.o
    0x200000b0   0x000000c8   Zero   RW          422    .bss                usart.o
    0x20000178   0x00001c20   Zero   RW          453    .bss                task.o
    0x20001d98   0x00000060   Zero   RW          896    .bss                c_w.l(libspace.o)
    0x20001df8   0x00000200   Zero   RW          475    HEAP                startup_stm32f40_41xxx.o
    0x20001ff8   0x00000400   Zero   RW          474    STACK               startup_stm32f40_41xxx.o


==============================================================================

Image component sizes


      Code (inc. data)   RO Data    RW Data    ZI Data      Debug   Object Name

      1160         82          0         72          0       4318   ad9959.o
      1352         64          0         29         20       5302   ads1115.o
       260          8          0          4          0       1441   delay.o
        56          6          0          0          0        553   gpio.o
       228         56          0          0          0     262503   main.o
       224         20          0          0          0       1821   misc.o
        64         26        392          0       1536        828   startup_stm32f40_41xxx.o
       660         44          0          0          0       4097   stm32f4xx_gpio.o
        26          0          0          0          0       1222   stm32f4xx_it.o
      1628         52          0         16          0      12888   stm32f4xx_rcc.o
      1108         34          0          0          0       7796   stm32f4xx_usart.o
       528         46          0         20          0       1783   system_stm32f4xx.o
      1584        220          0          6       7200       4512   task.o
       292         16          0          6        200       3302   usart.o

    ----------------------------------------------------------------------
      9172        674        424        156       8956     312366   Object Totals
         0          0         32          0          0          0   (incl. Generated)
         2          0          0          3          0          0   (incl. Padding)

    ----------------------------------------------------------------------

      Code (inc. data)   RO Data    RW Data    ZI Data      Debug   Library Member Name

         8          0          0          0          0         68   __main.o
       352          0          0          0          0         88   __printf_ss_wp.o
        14          0          0          0          0         68   __printf_wp.o
         0          0          0          0          0          0   __rtentry.o
        12          0          0          0          0          0   __rtentry2.o
         6          0          0          0          0          0   __rtentry4.o
        52          8          0          0          0          0   __scatter.o
        26          0          0          0          0          0   __scatter_copy.o
        28          0          0          0          0          0   __scatter_zi.o
        48          6          0          0          0         96   _printf_char_common.o
        36          4          0          0          0         80   _printf_char_file.o
         6          0          0          0          0          0   _printf_d.o
       120         16          0          0          0         92   _printf_dec.o
         6          0          0          0          0          0   _printf_f.o
      1050          0          0          0          0        216   _printf_fp_dec.o
       128         16          0          0          0         84   _printf_fp_infnan.o
       178          0          0          0          0         88   _printf_intcommon.o
         0          0          0          0          0          0   _printf_percent.o
         4          0          0          0          0          0   _printf_percent_end.o
        22          0          0          0          0        100   _rserrno.o
       220          4        148          0          0         96   bigflt0.o
      1910        128          0          0          0        672   btod.o
        12          0          0          0          0         72   exit.o
         8          0          0          0          0         68   ferror.o
         6          0          0          0          0        152   heapauxi.o
        44         10         28          0          0         76   lc_numeric_c.o
         2          0          0          0          0          0   libinit.o
        22          0          0          0          0          0   libinit2.o
         2          0          0          0          0          0   libshutdown.o
         2          0          0          0          0          0   libshutdown2.o
         8          4          0          0         96         68   libspace.o
       138          0          0          0          0         80   lludiv10.o
        24          4          0          0          0         84   noretval__2printf.o
         8          4          0          0          0         68   rt_errno_addr_intlibspace.o
         8          4          0          0          0         68   rt_locale_intlibspace.o
         2          0          0          0          0          0   rtexit.o
        10          0          0          0          0          0   rtexit2.o
       128          0          0          0          0         68   strcmpv7m.o
        74          0          0          0          0         80   sys_stackheap_outer.o
         2          0          0          0          0         68   use_no_semi.o
         2          0          0          0          0         68   use_no_semi_2.o
        24          0          0          0          0        164   basic.o
        98          4          0          0          0        140   d2f.o
       826         16          0          0          0        492   daddsub_clz.o
        24          0          0          0          0        116   dcmpi.o
       688        140          0          0          0        256   ddiv.o
       120          4          0          0          0        140   deqf.o
        94          4          0          0          0        140   dfix.o
        90          4          0          0          0        140   dfixu.o
        84          0          0          0          0        232   dflt_clz.o
       120          4          0          0          0        140   dleqf.o
       340         12          0          0          0        152   dmul.o
       156          4          0          0          0        140   dnaninf.o
        12          0          0          0          0        116   dretinf.o
       108          0          0          0          0        128   drleqf.o
        86          4          0          0          0        132   f2d.o
       140          4          0          0          0        132   fnaninf.o
        10          0          0          0          0        116   fpinit.o
        10          0          0          0          0        116   fretinf.o
         4          0          0          0          0        116   printf1.o
         0          0          0          0          0          0   usenofp.o
       728        106        152          0          0        228   atan.o
       368         46         48          0          0        200   cos_i.o
       164         44          0          0          0        620   dunder.o
       856        142         88          0          0        288   exp.o
        44          0          0          0          0        248   fabs.o
        48          0          0          0          0        124   fpclassify.o
       980         92         56          0          0        440   log.o
       304         44          0          0          0        200   log10.o
       248          0          0          0          0        152   poly.o
         0          0          8          0          0          0   qnan.o
      1080        142        200          0          0        188   rred.o
       200         20          0          0          0        164   sin.o
       304         24         40          0          0        208   sin_i.o

    ----------------------------------------------------------------------
     13124       1072        768          0         96       8936   Library Totals
        38          4          0          0          0          0   (incl. Padding)

    ----------------------------------------------------------------------

      Code (inc. data)   RO Data    RW Data    ZI Data      Debug   Library Name

      4728        208        176          0         96       2768   c_w.l
      3034        200          0          0          0       3108   fz_wm.l
      5324        660        592          0          0       3060   m_wm.l

    ----------------------------------------------------------------------
     13124       1072        768          0         96       8936   Library Totals

    ----------------------------------------------------------------------

==============================================================================


      Code (inc. data)   RO Data    RW Data    ZI Data      Debug   

     22296       1746       1192        156       9052     313394   Grand Totals
     22296       1746       1192        156       9052     313394   ELF Image Totals
     22296       1746       1192        156          0          0   ROM Totals

==============================================================================

    Total RO  Size (Code + RO Data)                23488 (  22.94kB)
    Total RW  Size (RW Data + ZI Data)              9208 (   8.99kB)
    Total ROM Size (Code + RO Data + RW Data)      23644 (  23.09kB)

==============================================================================

